
Allocating common symbols
Common symbol       size              file

MAIN_ALGO_State_ID  0x1               Main_Algo.o
ALARM_MOINTOR_State_ID
                    0x1               Alarm_Monitor.o
ALARM_ACTUATOR_State_ID
                    0x1               Alarm_Actuator.o
PS_State_ID         0x1               PS_Driver.o

Memory Configuration

Name             Origin             Length             Attributes
flash            0x08000000         0x00020000         xr
sram             0x20000000         0x00005000         xrw
*default*        0x00000000         0xffffffff

Linker script and memory map


.text           0x08000000      0x3dc
 *(.vectors*)
 .vectors       0x08000000       0x1c startup.o
                0x08000000                vectors
 *(.text*)
 .text          0x0800001c       0xc4 Alarm_Actuator.o
                0x0800001c                ST_ALARM_INIT
                0x08000040                ST_ALARM_WAITING
                0x08000058                ST_ALARM_ON
                0x08000080                ST_ALARM_OFF
                0x080000a8                Start_Alarm
                0x080000c4                Stop_Alarm
 .text          0x080000e0       0x7c Alarm_Monitor.o
                0x080000e0                ST_ALARM_MOINTOR_OFF
                0x08000110                ST_ALARM_MOINTOR_ON
                0x08000134                ST_ALARM_MOINTOR_WAITING
 .text          0x0800015c       0xd4 DRIVER.o
                0x0800015c                Delay
                0x0800017c                getPressureVal
                0x08000194                Set_Alarm_actuator
                0x080001d0                GPIO_INITIALIZATION
 .text          0x08000230       0x34 main.o
                0x08000230                main
 .text          0x08000264       0x58 Main_Algo.o
                0x08000264                ST_HIGH_PRESSURE_DETECTION
                0x08000294                High_Pressure_Detected
 .text          0x080002bc       0x90 PS_Driver.o
                0x080002bc                ST_PS_INIT
                0x080002e0                ST_PS_READING
                0x08000310                ST_PS_WAITING
                0x08000338                Get_Pressure_Value
 .text          0x0800034c       0x90 startup.o
                0x0800034c                H_Fault_Handler
                0x0800034c                MM_Fault_Handler
                0x0800034c                Usage_Fault_Handler
                0x0800034c                Bus_Fault
                0x0800034c                Default_Handler
                0x0800034c                NMI_Handler
                0x08000358                Reset_Handler
 *(.rodata*)
                0x080003dc                _E_TEXT = .

.glue_7         0x080003dc        0x0
 .glue_7        0x080003dc        0x0 linker stubs

.glue_7t        0x080003dc        0x0
 .glue_7t       0x080003dc        0x0 linker stubs

.vfp11_veneer   0x080003dc        0x0
 .vfp11_veneer  0x080003dc        0x0 linker stubs

.v4_bx          0x080003dc        0x0
 .v4_bx         0x080003dc        0x0 linker stubs

.iplt           0x080003dc        0x0
 .iplt          0x080003dc        0x0 Alarm_Actuator.o

.rel.dyn        0x080003dc        0x0
 .rel.iplt      0x080003dc        0x0 Alarm_Actuator.o

.data           0x20000000       0x14 load address 0x080003dc
                0x20000000                _S_DATA = .
 *(.data*)
 .data          0x20000000        0x0 Alarm_Actuator.o
 .data          0x20000000        0x0 Alarm_Monitor.o
 .data          0x20000000        0x0 DRIVER.o
 .data          0x20000000       0x10 main.o
                0x20000000                PS_current_state
                0x20000004                ALARM_ACTUATOR_current_state
                0x20000008                ALARM_MOINTOR_current_state
                0x2000000c                MAIN_ALGO_current_state
 .data          0x20000010        0x4 Main_Algo.o
 .data          0x20000014        0x0 PS_Driver.o
 .data          0x20000014        0x0 startup.o
                0x20000014                . = ALIGN (0x4)
                0x20000014                _E_DATA = .

.igot.plt       0x20000014        0x0 load address 0x080003f0
 .igot.plt      0x20000014        0x0 Alarm_Actuator.o

.bss            0x20000014     0x100c load address 0x080003f0
                0x20000014                _S_BSS = .
 *(.bss*)
 .bss           0x20000014        0x0 Alarm_Actuator.o
 .bss           0x20000014        0x0 Alarm_Monitor.o
 .bss           0x20000014        0x0 DRIVER.o
 .bss           0x20000014        0x0 main.o
 .bss           0x20000014        0x4 Main_Algo.o
 .bss           0x20000018        0x4 PS_Driver.o
 .bss           0x2000001c        0x0 startup.o
                0x2000001c                _E_BSS = .
                0x2000001c                . = ALIGN (0x4)
                0x2000101c                . = (. + 0x1000)
 *fill*         0x2000001c     0x1000 
                0x2000101c                _STACK_TOP = .
 COMMON         0x2000101c        0x1 Alarm_Actuator.o
                0x2000101c                ALARM_ACTUATOR_State_ID
 COMMON         0x2000101d        0x1 Alarm_Monitor.o
                0x2000101d                ALARM_MOINTOR_State_ID
 COMMON         0x2000101e        0x1 Main_Algo.o
                0x2000101e                MAIN_ALGO_State_ID
 COMMON         0x2000101f        0x1 PS_Driver.o
                0x2000101f                PS_State_ID
LOAD Alarm_Actuator.o
LOAD Alarm_Monitor.o
LOAD DRIVER.o
LOAD main.o
LOAD Main_Algo.o
LOAD PS_Driver.o
LOAD startup.o
OUTPUT(Pressure_Controller.elf elf32-littlearm)

.debug_info     0x00000000      0x850
 .debug_info    0x00000000      0x14a Alarm_Actuator.o
 .debug_info    0x0000014a      0x105 Alarm_Monitor.o
 .debug_info    0x0000024f       0xff DRIVER.o
 .debug_info    0x0000034e      0x108 main.o
 .debug_info    0x00000456      0x115 Main_Algo.o
 .debug_info    0x0000056b      0x13a PS_Driver.o
 .debug_info    0x000006a5      0x1ab startup.o

.debug_abbrev   0x00000000      0x4d6
 .debug_abbrev  0x00000000       0xa7 Alarm_Actuator.o
 .debug_abbrev  0x000000a7       0x91 Alarm_Monitor.o
 .debug_abbrev  0x00000138       0xb5 DRIVER.o
 .debug_abbrev  0x000001ed       0x75 main.o
 .debug_abbrev  0x00000262       0xc5 Main_Algo.o
 .debug_abbrev  0x00000327       0xdb PS_Driver.o
 .debug_abbrev  0x00000402       0xd4 startup.o

.debug_loc      0x00000000      0x524
 .debug_loc     0x00000000      0x168 Alarm_Actuator.o
 .debug_loc     0x00000168       0x84 Alarm_Monitor.o
 .debug_loc     0x000001ec      0x140 DRIVER.o
 .debug_loc     0x0000032c       0x2c main.o
 .debug_loc     0x00000358       0x70 Main_Algo.o
 .debug_loc     0x000003c8       0xe0 PS_Driver.o
 .debug_loc     0x000004a8       0x7c startup.o

.debug_aranges  0x00000000       0xe0
 .debug_aranges
                0x00000000       0x20 Alarm_Actuator.o
 .debug_aranges
                0x00000020       0x20 Alarm_Monitor.o
 .debug_aranges
                0x00000040       0x20 DRIVER.o
 .debug_aranges
                0x00000060       0x20 main.o
 .debug_aranges
                0x00000080       0x20 Main_Algo.o
 .debug_aranges
                0x000000a0       0x20 PS_Driver.o
 .debug_aranges
                0x000000c0       0x20 startup.o

.debug_line     0x00000000      0x31c
 .debug_line    0x00000000       0x6a Alarm_Actuator.o
 .debug_line    0x0000006a       0x61 Alarm_Monitor.o
 .debug_line    0x000000cb       0x6c DRIVER.o
 .debug_line    0x00000137       0x95 main.o
 .debug_line    0x000001cc       0x65 Main_Algo.o
 .debug_line    0x00000231       0x6e PS_Driver.o
 .debug_line    0x0000029f       0x7d startup.o

.debug_str      0x00000000      0x3fb
 .debug_str     0x00000000      0x1a7 Alarm_Actuator.o
                                0x1f1 (size before relaxing)
 .debug_str     0x000001a7       0x85 Alarm_Monitor.o
                                0x1ee (size before relaxing)
 .debug_str     0x0000022c       0x55 DRIVER.o
                                0x185 (size before relaxing)
 .debug_str     0x00000281       0x35 main.o
                                0x19e (size before relaxing)
 .debug_str     0x000002b6       0x60 Main_Algo.o
                                0x1c9 (size before relaxing)
 .debug_str     0x00000316       0x57 PS_Driver.o
                                0x1bf (size before relaxing)
 .debug_str     0x0000036d       0x8e startup.o
                                0x1c7 (size before relaxing)

.comment        0x00000000       0x7e
 .comment       0x00000000       0x7e Alarm_Actuator.o
                                 0x7f (size before relaxing)
 .comment       0x0000007e       0x7f Alarm_Monitor.o
 .comment       0x0000007e       0x7f DRIVER.o
 .comment       0x0000007e       0x7f main.o
 .comment       0x0000007e       0x7f Main_Algo.o
 .comment       0x0000007e       0x7f PS_Driver.o
 .comment       0x0000007e       0x7f startup.o

.ARM.attributes
                0x00000000       0x33
 .ARM.attributes
                0x00000000       0x33 Alarm_Actuator.o
 .ARM.attributes
                0x00000033       0x33 Alarm_Monitor.o
 .ARM.attributes
                0x00000066       0x33 DRIVER.o
 .ARM.attributes
                0x00000099       0x33 main.o
 .ARM.attributes
                0x000000cc       0x33 Main_Algo.o
 .ARM.attributes
                0x000000ff       0x33 PS_Driver.o
 .ARM.attributes
                0x00000132       0x33 startup.o

.debug_frame    0x00000000      0x31c
 .debug_frame   0x00000000       0xc8 Alarm_Actuator.o
 .debug_frame   0x000000c8       0x64 Alarm_Monitor.o
 .debug_frame   0x0000012c       0xa0 DRIVER.o
 .debug_frame   0x000001cc       0x2c main.o
 .debug_frame   0x000001f8       0x4c Main_Algo.o
 .debug_frame   0x00000244       0x88 PS_Driver.o
 .debug_frame   0x000002cc       0x50 startup.o
