Archive member included to satisfy reference by file (symbol)

c:/st/stm32cubeide_1.4.0/stm32cubeide/plugins/com.st.stm32cube.ide.mcu.externaltools.gnu-tools-for-stm32.7-2018-q2-update.win32_1.4.0.202007081208/tools/bin/../lib/gcc/arm-none-eabi/7.3.1/../../../../arm-none-eabi/lib/thumb/v7-m\libc_nano.a(lib_a-errno.o)
                              Src/syscalls.o (__errno)
c:/st/stm32cubeide_1.4.0/stm32cubeide/plugins/com.st.stm32cube.ide.mcu.externaltools.gnu-tools-for-stm32.7-2018-q2-update.win32_1.4.0.202007081208/tools/bin/../lib/gcc/arm-none-eabi/7.3.1/../../../../arm-none-eabi/lib/thumb/v7-m\libc_nano.a(lib_a-exit.o)
                              c:/st/stm32cubeide_1.4.0/stm32cubeide/plugins/com.st.stm32cube.ide.mcu.externaltools.gnu-tools-for-stm32.7-2018-q2-update.win32_1.4.0.202007081208/tools/bin/../lib/gcc/arm-none-eabi/7.3.1/../../../../arm-none-eabi/lib/thumb/v7-m/crt0.o (exit)
c:/st/stm32cubeide_1.4.0/stm32cubeide/plugins/com.st.stm32cube.ide.mcu.externaltools.gnu-tools-for-stm32.7-2018-q2-update.win32_1.4.0.202007081208/tools/bin/../lib/gcc/arm-none-eabi/7.3.1/../../../../arm-none-eabi/lib/thumb/v7-m\libc_nano.a(lib_a-impure.o)
                              c:/st/stm32cubeide_1.4.0/stm32cubeide/plugins/com.st.stm32cube.ide.mcu.externaltools.gnu-tools-for-stm32.7-2018-q2-update.win32_1.4.0.202007081208/tools/bin/../lib/gcc/arm-none-eabi/7.3.1/../../../../arm-none-eabi/lib/thumb/v7-m\libc_nano.a(lib_a-exit.o) (_global_impure_ptr)
c:/st/stm32cubeide_1.4.0/stm32cubeide/plugins/com.st.stm32cube.ide.mcu.externaltools.gnu-tools-for-stm32.7-2018-q2-update.win32_1.4.0.202007081208/tools/bin/../lib/gcc/arm-none-eabi/7.3.1/../../../../arm-none-eabi/lib/thumb/v7-m\libc_nano.a(lib_a-init.o)
                              c:/st/stm32cubeide_1.4.0/stm32cubeide/plugins/com.st.stm32cube.ide.mcu.externaltools.gnu-tools-for-stm32.7-2018-q2-update.win32_1.4.0.202007081208/tools/bin/../lib/gcc/arm-none-eabi/7.3.1/../../../../arm-none-eabi/lib/thumb/v7-m/crt0.o (__libc_init_array)
c:/st/stm32cubeide_1.4.0/stm32cubeide/plugins/com.st.stm32cube.ide.mcu.externaltools.gnu-tools-for-stm32.7-2018-q2-update.win32_1.4.0.202007081208/tools/bin/../lib/gcc/arm-none-eabi/7.3.1/../../../../arm-none-eabi/lib/thumb/v7-m\libc_nano.a(lib_a-memset.o)
                              c:/st/stm32cubeide_1.4.0/stm32cubeide/plugins/com.st.stm32cube.ide.mcu.externaltools.gnu-tools-for-stm32.7-2018-q2-update.win32_1.4.0.202007081208/tools/bin/../lib/gcc/arm-none-eabi/7.3.1/../../../../arm-none-eabi/lib/thumb/v7-m/crt0.o (memset)

Allocating common symbols
Common symbol       size              file

call_back           0x3c              STM32_F103C6_Drivers/STM32_F103C6_EXTI_driver.o

Discarded input sections

 .text          0x0000000000000000        0x0 c:/st/stm32cubeide_1.4.0/stm32cubeide/plugins/com.st.stm32cube.ide.mcu.externaltools.gnu-tools-for-stm32.7-2018-q2-update.win32_1.4.0.202007081208/tools/bin/../lib/gcc/arm-none-eabi/7.3.1/thumb/v7-m/crti.o
 .data          0x0000000000000000        0x0 c:/st/stm32cubeide_1.4.0/stm32cubeide/plugins/com.st.stm32cube.ide.mcu.externaltools.gnu-tools-for-stm32.7-2018-q2-update.win32_1.4.0.202007081208/tools/bin/../lib/gcc/arm-none-eabi/7.3.1/thumb/v7-m/crti.o
 .bss           0x0000000000000000        0x0 c:/st/stm32cubeide_1.4.0/stm32cubeide/plugins/com.st.stm32cube.ide.mcu.externaltools.gnu-tools-for-stm32.7-2018-q2-update.win32_1.4.0.202007081208/tools/bin/../lib/gcc/arm-none-eabi/7.3.1/thumb/v7-m/crti.o
 .data          0x0000000000000000        0x4 c:/st/stm32cubeide_1.4.0/stm32cubeide/plugins/com.st.stm32cube.ide.mcu.externaltools.gnu-tools-for-stm32.7-2018-q2-update.win32_1.4.0.202007081208/tools/bin/../lib/gcc/arm-none-eabi/7.3.1/thumb/v7-m/crtbegin.o
 .text          0x0000000000000000       0x74 c:/st/stm32cubeide_1.4.0/stm32cubeide/plugins/com.st.stm32cube.ide.mcu.externaltools.gnu-tools-for-stm32.7-2018-q2-update.win32_1.4.0.202007081208/tools/bin/../lib/gcc/arm-none-eabi/7.3.1/../../../../arm-none-eabi/lib/thumb/v7-m/crt0.o
 .data          0x0000000000000000        0x0 c:/st/stm32cubeide_1.4.0/stm32cubeide/plugins/com.st.stm32cube.ide.mcu.externaltools.gnu-tools-for-stm32.7-2018-q2-update.win32_1.4.0.202007081208/tools/bin/../lib/gcc/arm-none-eabi/7.3.1/../../../../arm-none-eabi/lib/thumb/v7-m/crt0.o
 .bss           0x0000000000000000        0x0 c:/st/stm32cubeide_1.4.0/stm32cubeide/plugins/com.st.stm32cube.ide.mcu.externaltools.gnu-tools-for-stm32.7-2018-q2-update.win32_1.4.0.202007081208/tools/bin/../lib/gcc/arm-none-eabi/7.3.1/../../../../arm-none-eabi/lib/thumb/v7-m/crt0.o
 .ARM.extab     0x0000000000000000        0x0 c:/st/stm32cubeide_1.4.0/stm32cubeide/plugins/com.st.stm32cube.ide.mcu.externaltools.gnu-tools-for-stm32.7-2018-q2-update.win32_1.4.0.202007081208/tools/bin/../lib/gcc/arm-none-eabi/7.3.1/../../../../arm-none-eabi/lib/thumb/v7-m/crt0.o
[...]
Memory Configuration

Name             Origin             Length             Attributes
RAM              0x0000000020000000 0x0000000000002800 xrw
ROM              0x0000000008000000 0x0000000000008000 xr
*default*        0x0000000000000000 0xffffffffffffffff

Linker script and memory map

LOAD c:/st/stm32cubeide_1.4.0/stm32cubeide/plugins/com.st.stm32cube.ide.mcu.externaltools.gnu-tools-for-stm32.7-2018-q2-update.win32_1.4.0.202007081208/tools/bin/../lib/gcc/arm-none-eabi/7.3.1/thumb/v7-m/crti.o
LOAD c:/st/stm32cubeide_1.4.0/stm32cubeide/plugins/com.st.stm32cube.ide.mcu.externaltools.gnu-tools-for-stm32.7-2018-q2-update.win32_1.4.0.202007081208/tools/bin/../lib/gcc/arm-none-eabi/7.3.1/thumb/v7-m/crtbegin.o
LOAD c:/st/stm32cubeide_1.4.0/stm32cubeide/plugins/com.st.stm32cube.ide.mcu.externaltools.gnu-tools-for-stm32.7-2018-q2-update.win32_1.4.0.202007081208/tools/bin/../lib/gcc/arm-none-eabi/7.3.1/../../../../arm-none-eabi/lib/thumb/v7-m/crt0.o
LOAD STM32_F103C6_Drivers/STM32_F103C6_EXTI_driver.o
LOAD STM32_F103C6_Drivers/STM32_F103C6_RCC_driver.o
LOAD STM32_F103C6_Drivers/STM32_F103C6_SPI_driver.o
LOAD STM32_F103C6_Drivers/STM32_F103C6_USART_driver.o
LOAD STM32_F103C6_Drivers/STM32_F103C6_gpio_driver.o
LOAD Src/main.o
LOAD Src/syscalls.o
LOAD Src/sysmem.o
LOAD Startup/startup_stm32f103c6tx.o
START GROUP
LOAD c:/st/stm32cubeide_1.4.0/stm32cubeide/plugins/com.st.stm32cube.ide.mcu.externaltools.gnu-tools-for-stm32.7-2018-q2-update.win32_1.4.0.202007081208/tools/bin/../lib/gcc/arm-none-eabi/7.3.1/../../../../arm-none-eabi/lib/thumb/v7-m\libc_nano.a
LOAD c:/st/stm32cubeide_1.4.0/stm32cubeide/plugins/com.st.stm32cube.ide.mcu.externaltools.gnu-tools-for-stm32.7-2018-q2-update.win32_1.4.0.202007081208/tools/bin/../lib/gcc/arm-none-eabi/7.3.1/../../../../arm-none-eabi/lib/thumb/v7-m\libm.a
END GROUP
START GROUP
LOAD c:/st/stm32cubeide_1.4.0/stm32cubeide/plugins/com.st.stm32cube.ide.mcu.externaltools.gnu-tools-for-stm32.7-2018-q2-update.win32_1.4.0.202007081208/tools/bin/../lib/gcc/arm-none-eabi/7.3.1/thumb/v7-m\libgcc.a
LOAD c:/st/stm32cubeide_1.4.0/stm32cubeide/plugins/com.st.stm32cube.ide.mcu.externaltools.gnu-tools-for-stm32.7-2018-q2-update.win32_1.4.0.202007081208/tools/bin/../lib/gcc/arm-none-eabi/7.3.1/../../../../arm-none-eabi/lib/thumb/v7-m\libg_nano.a
LOAD c:/st/stm32cubeide_1.4.0/stm32cubeide/plugins/com.st.stm32cube.ide.mcu.externaltools.gnu-tools-for-stm32.7-2018-q2-update.win32_1.4.0.202007081208/tools/bin/../lib/gcc/arm-none-eabi/7.3.1/../../../../arm-none-eabi/lib/thumb/v7-m\libc_nano.a
END GROUP
START GROUP
LOAD c:/st/stm32cubeide_1.4.0/stm32cubeide/plugins/com.st.stm32cube.ide.mcu.externaltools.gnu-tools-for-stm32.7-2018-q2-update.win32_1.4.0.202007081208/tools/bin/../lib/gcc/arm-none-eabi/7.3.1/thumb/v7-m\libgcc.a
LOAD c:/st/stm32cubeide_1.4.0/stm32cubeide/plugins/com.st.stm32cube.ide.mcu.externaltools.gnu-tools-for-stm32.7-2018-q2-update.win32_1.4.0.202007081208/tools/bin/../lib/gcc/arm-none-eabi/7.3.1/../../../../arm-none-eabi/lib/thumb/v7-m\libc_nano.a
LOAD c:/st/stm32cubeide_1.4.0/stm32cubeide/plugins/com.st.stm32cube.ide.mcu.externaltools.gnu-tools-for-stm32.7-2018-q2-update.win32_1.4.0.202007081208/tools/bin/../lib/gcc/arm-none-eabi/7.3.1/../../../../arm-none-eabi/lib/thumb/v7-m\libnosys.a
END GROUP
START GROUP
LOAD c:/st/stm32cubeide_1.4.0/stm32cubeide/plugins/com.st.stm32cube.ide.mcu.externaltools.gnu-tools-for-stm32.7-2018-q2-update.win32_1.4.0.202007081208/tools/bin/../lib/gcc/arm-none-eabi/7.3.1/thumb/v7-m\libgcc.a
LOAD c:/st/stm32cubeide_1.4.0/stm32cubeide/plugins/com.st.stm32cube.ide.mcu.externaltools.gnu-tools-for-stm32.7-2018-q2-update.win32_1.4.0.202007081208/tools/bin/../lib/gcc/arm-none-eabi/7.3.1/../../../../arm-none-eabi/lib/thumb/v7-m\libc_nano.a
LOAD c:/st/stm32cubeide_1.4.0/stm32cubeide/plugins/com.st.stm32cube.ide.mcu.externaltools.gnu-tools-for-stm32.7-2018-q2-update.win32_1.4.0.202007081208/tools/bin/../lib/gcc/arm-none-eabi/7.3.1/../../../../arm-none-eabi/lib/thumb/v7-m\libnosys.a
END GROUP
LOAD c:/st/stm32cubeide_1.4.0/stm32cubeide/plugins/com.st.stm32cube.ide.mcu.externaltools.gnu-tools-for-stm32.7-2018-q2-update.win32_1.4.0.202007081208/tools/bin/../lib/gcc/arm-none-eabi/7.3.1/thumb/v7-m/crtend.o
LOAD c:/st/stm32cubeide_1.4.0/stm32cubeide/plugins/com.st.stm32cube.ide.mcu.externaltools.gnu-tools-for-stm32.7-2018-q2-update.win32_1.4.0.202007081208/tools/bin/../lib/gcc/arm-none-eabi/7.3.1/thumb/v7-m/crtn.o
                0x0000000020002800                _estack = (ORIGIN (RAM) + LENGTH (RAM))
                0x0000000000000200                _Min_Heap_Size = 0x200
                0x0000000000000400                _Min_Stack_Size = 0x400

.isr_vector     0x0000000008000000      0x130
                0x0000000008000000                . = ALIGN (0x4)
 *(.isr_vector)
 .isr_vector    0x0000000008000000      0x130 Startup/startup_stm32f103c6tx.o
                0x0000000008000000                g_pfnVectors
                0x0000000008000130                . = ALIGN (0x4)

.text           0x0000000008000130      0xaac
                0x0000000008000130                . = ALIGN (0x4)
 *(.text)
 .text          0x0000000008000130       0x40 c:/st/stm32cubeide_1.4.0/stm32cubeide/plugins/com.st.stm32cube.ide.mcu.externaltools.gnu-tools-for-stm32.7-2018-q2-update.win32_1.4.0.202007081208/tools/bin/../lib/gcc/arm-none-eabi/7.3.1/thumb/v7-m/crtbegin.o
 *(.text*)
 .text.EXTI_Init
                0x0000000008000170       0x16 STM32_F103C6_Drivers/STM32_F103C6_EXTI_driver.o
                0x0000000008000170                EXTI_Init
 *fill*         0x0000000008000186        0x2 
 .text.Update_EXTI
                0x0000000008000188      0x1e0 STM32_F103C6_Drivers/STM32_F103C6_EXTI_driver.o
 .text.Enable_NVIC
                0x0000000008000368       0xcc STM32_F103C6_Drivers/STM32_F103C6_EXTI_driver.o
 .text.Disable_NVIC
                0x0000000008000434       0xcc STM32_F103C6_Drivers/STM32_F103C6_EXTI_driver.o
 .text.EXTI0_IRQHandler
                0x0000000008000500       0x24 STM32_F103C6_Drivers/STM32_F103C6_EXTI_driver.o
                0x0000000008000500                EXTI0_IRQHandler
 .text.EXTI1_IRQHandler
                0x0000000008000524       0x24 STM32_F103C6_Drivers/STM32_F103C6_EXTI_driver.o
                0x0000000008000524                EXTI1_IRQHandler
 .text.EXTI2_IRQHandler
                0x0000000008000548       0x24 STM32_F103C6_Drivers/STM32_F103C6_EXTI_driver.o
                0x0000000008000548                EXTI2_IRQHandler
 .text.EXTI3_IRQHandler
                0x000000000800056c       0x24 STM32_F103C6_Drivers/STM32_F103C6_EXTI_driver.o
                0x000000000800056c                EXTI3_IRQHandler
 .text.EXTI4_IRQHandler
                0x0000000008000590       0x24 STM32_F103C6_Drivers/STM32_F103C6_EXTI_driver.o
                0x0000000008000590                EXTI4_IRQHandler
 .text.EXTI9_5_IRQHandler
                0x00000000080005b4       0xa8 STM32_F103C6_Drivers/STM32_F103C6_EXTI_driver.o
                0x00000000080005b4                EXTI9_5_IRQHandler
 .text.EXTI15_10_IRQHandler
                0x000000000800065c       0xc4 STM32_F103C6_Drivers/STM32_F103C6_EXTI_driver.o
                0x000000000800065c                EXTI15_10_IRQHandler
 .text.SPI1_IRQHandler
                0x0000000008000720       0x5c STM32_F103C6_Drivers/STM32_F103C6_SPI_driver.o
                0x0000000008000720                SPI1_IRQHandler
 .text.SPI2_IRQHandler
                0x000000000800077c       0x5c STM32_F103C6_Drivers/STM32_F103C6_SPI_driver.o
                0x000000000800077c                SPI2_IRQHandler
 .text.USART1_IRQHandler
                0x00000000080007d8       0x14 STM32_F103C6_Drivers/STM32_F103C6_USART_driver.o
                0x00000000080007d8                USART1_IRQHandler
 .text.USART2_IRQHandler
                0x00000000080007ec       0x14 STM32_F103C6_Drivers/STM32_F103C6_USART_driver.o
                0x00000000080007ec                USART2_IRQHandler
 .text.USART3_IRQHandler
                0x0000000008000800       0x14 STM32_F103C6_Drivers/STM32_F103C6_USART_driver.o
                0x0000000008000800                USART3_IRQHandler
 .text.Get_PinPostion
                0x0000000008000814       0xa6 STM32_F103C6_Drivers/STM32_F103C6_gpio_driver.o
                0x0000000008000814                Get_PinPostion
 .text.GPIO_Init
                0x00000000080008ba      0x188 STM32_F103C6_Drivers/STM32_F103C6_gpio_driver.o
                0x00000000080008ba                GPIO_Init
 .text.cpu_switch_access_level
                0x0000000008000a42       0x40 Src/main.o
                0x0000000008000a42                cpu_switch_access_level
 *fill*         0x0000000008000a82        0x2 
 .text.EXTI9_CALLBACK
                0x0000000008000a84       0x24 Src/main.o
                0x0000000008000a84                EXTI9_CALLBACK
 .text.main     0x0000000008000aa8       0x80 Src/main.o
                0x0000000008000aa8                main
 .text.Reset_Handler
                0x0000000008000b28       0x50 Startup/startup_stm32f103c6tx.o
                0x0000000008000b28                Reset_Handler
 .text.Default_Handler
                0x0000000008000b78        0x2 Startup/startup_stm32f103c6tx.o
                0x0000000008000b78                TIM8_TRG_COM_IRQHandler
                0x0000000008000b78                TIM8_CC_IRQHandler
                0x0000000008000b78                DebugMon_Handler
                0x0000000008000b78                TIM1_CC_IRQHandler
                0x0000000008000b78                HardFault_Handler
                0x0000000008000b78                TIM6_IRQHandler
                0x0000000008000b78                SysTick_Handler
                0x0000000008000b78                PVD_IRQHandler
                0x0000000008000b78                SDIO_IRQHandler
                0x0000000008000b78                PendSV_Handler
                0x0000000008000b78                NMI_Handler
                0x0000000008000b78                USB_HP_CAN_TX_IRQHandler
                0x0000000008000b78                I2C2_EV_IRQHandler
                0x0000000008000b78                UsageFault_Handler
                0x0000000008000b78                ADC1_2_IRQHandler
                0x0000000008000b78                CAN_SCE_IRQHandler
                0x0000000008000b78                TAMPER_IRQHandler
                0x0000000008000b78                TIM8_UP_IRQHandler
                0x0000000008000b78                DMA2_Channel2_IRQHandler
                0x0000000008000b78                DMA1_Channel4_IRQHandler
                0x0000000008000b78                RTC_IRQHandler
                0x0000000008000b78                DMA1_Channel7_IRQHandler
                0x0000000008000b78                UART5_IRQHandler
                0x0000000008000b78                ADC3_IRQHandler
                0x0000000008000b78                TIM4_IRQHandler
                0x0000000008000b78                CAN_RX1_IRQHandler
                0x0000000008000b78                DMA2_Channel1_IRQHandler
                0x0000000008000b78                I2C1_EV_IRQHandler
                0x0000000008000b78                DMA1_Channel6_IRQHandler
                0x0000000008000b78                UART4_IRQHandler
                0x0000000008000b78                TIM3_IRQHandler
                0x0000000008000b78                RCC_IRQHandler
                0x0000000008000b78                TIM1_TRG_COM_IRQHandler
                0x0000000008000b78                DMA1_Channel1_IRQHandler
                0x0000000008000b78                Default_Handler
                0x0000000008000b78                TIM7_IRQHandler
                0x0000000008000b78                TIM5_IRQHandler
                0x0000000008000b78                USB_LP_CAN_RX0_IRQHandler
                0x0000000008000b78                MemManage_Handler
                0x0000000008000b78                SVC_Handler
                0x0000000008000b78                DMA1_Channel5_IRQHandler
                0x0000000008000b78                DMA1_Channel3_IRQHandler
                0x0000000008000b78                FSMC_IRQHandler
                0x0000000008000b78                TIM1_UP_IRQHandler
                0x0000000008000b78                WWDG_IRQHandler
                0x0000000008000b78                TIM2_IRQHandler
                0x0000000008000b78                TIM1_BRK_IRQHandler
                0x0000000008000b78                RTCAlarm_IRQHandler
                0x0000000008000b78                DMA2_Channel4_5_IRQHandler
                0x0000000008000b78                I2C2_ER_IRQHandler
                0x0000000008000b78                DMA1_Channel2_IRQHandler
                0x0000000008000b78                TIM8_BRK_IRQHandler
                0x0000000008000b78                FLASH_IRQHandler
                0x0000000008000b78                BusFault_Handler
                0x0000000008000b78                SPI3_IRQHandler
                0x0000000008000b78                I2C1_ER_IRQHandler
                0x0000000008000b78                DMA2_Channel3_IRQHandler
 *fill*         0x0000000008000b7a        0x2 
 .text.__libc_init_array
                0x0000000008000b7c       0x48 c:/st/stm32cubeide_1.4.0/stm32cubeide/plugins/com.st.stm32cube.ide.mcu.externaltools.gnu-tools-for-stm32.7-2018-q2-update.win32_1.4.0.202007081208/tools/bin/../lib/gcc/arm-none-eabi/7.3.1/../../../../arm-none-eabi/lib/thumb/v7-m\libc_nano.a(lib_a-init.o)
                0x0000000008000b7c                __libc_init_array
 *(.glue_7)
 .glue_7        0x0000000008000bc4        0x0 linker stubs
 *(.glue_7t)
 .glue_7t       0x0000000008000bc4        0x0 linker stubs
 *(.eh_frame)
 .eh_frame      0x0000000008000bc4        0x0 c:/st/stm32cubeide_1.4.0/stm32cubeide/plugins/com.st.stm32cube.ide.mcu.externaltools.gnu-tools-for-stm32.7-2018-q2-update.win32_1.4.0.202007081208/tools/bin/../lib/gcc/arm-none-eabi/7.3.1/thumb/v7-m/crtbegin.o
 *(.init)
 .init          0x0000000008000bc4        0x4 c:/st/stm32cubeide_1.4.0/stm32cubeide/plugins/com.st.stm32cube.ide.mcu.externaltools.gnu-tools-for-stm32.7-2018-q2-update.win32_1.4.0.202007081208/tools/bin/../lib/gcc/arm-none-eabi/7.3.1/thumb/v7-m/crti.o
                0x0000000008000bc4                _init
 .init          0x0000000008000bc8        0x8 c:/st/stm32cubeide_1.4.0/stm32cubeide/plugins/com.st.stm32cube.ide.mcu.externaltools.gnu-tools-for-stm32.7-2018-q2-update.win32_1.4.0.202007081208/tools/bin/../lib/gcc/arm-none-eabi/7.3.1/thumb/v7-m/crtn.o
 *(.fini)
 .fini          0x0000000008000bd0        0x4 c:/st/stm32cubeide_1.4.0/stm32cubeide/plugins/com.st.stm32cube.ide.mcu.externaltools.gnu-tools-for-stm32.7-2018-q2-update.win32_1.4.0.202007081208/tools/bin/../lib/gcc/arm-none-eabi/7.3.1/thumb/v7-m/crti.o
                0x0000000008000bd0                _fini
 .fini          0x0000000008000bd4        0x8 c:/st/stm32cubeide_1.4.0/stm32cubeide/plugins/com.st.stm32cube.ide.mcu.externaltools.gnu-tools-for-stm32.7-2018-q2-update.win32_1.4.0.202007081208/tools/bin/../lib/gcc/arm-none-eabi/7.3.1/thumb/v7-m/crtn.o
                0x0000000008000bdc                . = ALIGN (0x4)
                0x0000000008000bdc                _etext = .

.vfp11_veneer   0x0000000008000bdc        0x0
 .vfp11_veneer  0x0000000008000bdc        0x0 linker stubs

.v4_bx          0x0000000008000bdc        0x0
 .v4_bx         0x0000000008000bdc        0x0 linker stubs

.iplt           0x0000000008000bdc        0x0
 .iplt          0x0000000008000bdc        0x0 c:/st/stm32cubeide_1.4.0/stm32cubeide/plugins/com.st.stm32cube.ide.mcu.externaltools.gnu-tools-for-stm32.7-2018-q2-update.win32_1.4.0.202007081208/tools/bin/../lib/gcc/arm-none-eabi/7.3.1/thumb/v7-m/crtbegin.o

.rodata         0x0000000008000bdc        0xc
                0x0000000008000bdc                . = ALIGN (0x4)
 *(.rodata)
 .rodata        0x0000000008000bdc        0xc Src/main.o
 *(.rodata*)
                0x0000000008000be8                . = ALIGN (0x4)

.rel.dyn        0x0000000008000be8        0x0
 .rel.iplt      0x0000000008000be8        0x0 c:/st/stm32cubeide_1.4.0/stm32cubeide/plugins/com.st.stm32cube.ide.mcu.externaltools.gnu-tools-for-stm32.7-2018-q2-update.win32_1.4.0.202007081208/tools/bin/../lib/gcc/arm-none-eabi/7.3.1/thumb/v7-m/crtbegin.o

.ARM.extab      0x0000000008000be8        0x0
                0x0000000008000be8                . = ALIGN (0x4)
 *(.ARM.extab* .gnu.linkonce.armextab.*)
                0x0000000008000be8                . = ALIGN (0x4)

.ARM            0x0000000008000be8        0x0
                0x0000000008000be8                . = ALIGN (0x4)
                0x0000000008000be8                __exidx_start = .
 *(.ARM.exidx*)
                0x0000000008000be8                __exidx_end = .
                0x0000000008000be8                . = ALIGN (0x4)

.preinit_array  0x0000000008000be8        0x0
                0x0000000008000be8                . = ALIGN (0x4)
                0x0000000008000be8                PROVIDE (__preinit_array_start = .)
 *(.preinit_array*)
                0x0000000008000be8                PROVIDE (__preinit_array_end = .)
                0x0000000008000be8                . = ALIGN (0x4)

.init_array     0x0000000008000be8        0x4
                0x0000000008000be8                . = ALIGN (0x4)
                0x0000000008000be8                PROVIDE (__init_array_start = .)
 *(SORT_BY_NAME(.init_array.*))
 *(.init_array*)
 .init_array    0x0000000008000be8        0x4 c:/st/stm32cubeide_1.4.0/stm32cubeide/plugins/com.st.stm32cube.ide.mcu.externaltools.gnu-tools-for-stm32.7-2018-q2-update.win32_1.4.0.202007081208/tools/bin/../lib/gcc/arm-none-eabi/7.3.1/thumb/v7-m/crtbegin.o
                0x0000000008000bec                PROVIDE (__init_array_end = .)
                0x0000000008000bec                . = ALIGN (0x4)

.fini_array     0x0000000008000bec        0x4
                0x0000000008000bec                . = ALIGN (0x4)
                [!provide]                        PROVIDE (__fini_array_start = .)
 *(SORT_BY_NAME(.fini_array.*))
 *(.fini_array*)
 .fini_array    0x0000000008000bec        0x4 c:/st/stm32cubeide_1.4.0/stm32cubeide/plugins/com.st.stm32cube.ide.mcu.externaltools.gnu-tools-for-stm32.7-2018-q2-update.win32_1.4.0.202007081208/tools/bin/../lib/gcc/arm-none-eabi/7.3.1/thumb/v7-m/crtbegin.o
                [!provide]                        PROVIDE (__fini_array_end = .)
                0x0000000008000bf0                . = ALIGN (0x4)
                0x0000000008000bf0                _sidata = LOADADDR (.data)

.data           0x0000000020000000        0x0 load address 0x0000000008000bf0
                0x0000000020000000                . = ALIGN (0x4)
                0x0000000020000000                _sdata = .
 *(.data)
 *(.data*)
                0x0000000020000000                . = ALIGN (0x4)
                0x0000000020000000                _edata = .

.igot.plt       0x0000000020000000        0x0 load address 0x0000000008000bf0
 .igot.plt      0x0000000020000000        0x0 c:/st/stm32cubeide_1.4.0/stm32cubeide/plugins/com.st.stm32cube.ide.mcu.externaltools.gnu-tools-for-stm32.7-2018-q2-update.win32_1.4.0.202007081208/tools/bin/../lib/gcc/arm-none-eabi/7.3.1/thumb/v7-m/crtbegin.o
                0x0000000020000000                . = ALIGN (0x4)

.bss            0x0000000020000000       0x70 load address 0x0000000008000bf0
                0x0000000020000000                _sbss = .
                0x0000000020000000                __bss_start__ = _sbss
 *(.bss)
 .bss           0x0000000020000000       0x1c c:/st/stm32cubeide_1.4.0/stm32cubeide/plugins/com.st.stm32cube.ide.mcu.externaltools.gnu-tools-for-stm32.7-2018-q2-update.win32_1.4.0.202007081208/tools/bin/../lib/gcc/arm-none-eabi/7.3.1/thumb/v7-m/crtbegin.o
 *(.bss*)
 .bss.G_SPI_Config
                0x000000002000001c        0x8 STM32_F103C6_Drivers/STM32_F103C6_SPI_driver.o
                0x000000002000001c                G_SPI_Config
 .bss.Global_USART_Config
                0x0000000020000024        0x4 STM32_F103C6_Drivers/STM32_F103C6_USART_driver.o
                0x0000000020000024                Global_USART_Config
 .bss.IRQ_Flag  0x0000000020000028        0x1 Src/main.o
                0x0000000020000028                IRQ_Flag
 *fill*         0x0000000020000029        0x3 
 .bss.control_register
                0x000000002000002c        0x4 Src/main.o
                0x000000002000002c                control_register
 .bss.ipsr_register
                0x0000000020000030        0x4 Src/main.o
                0x0000000020000030                ipsr_register
 *(COMMON)
 COMMON         0x0000000020000034       0x3c STM32_F103C6_Drivers/STM32_F103C6_EXTI_driver.o
                0x0000000020000034                call_back
                0x0000000020000070                . = ALIGN (0x4)
                0x0000000020000070                _ebss = .
                0x0000000020000070                __bss_end__ = _ebss

._user_heap_stack
                0x0000000020000070      0x600 load address 0x0000000008000bf0
                0x0000000020000070                . = ALIGN (0x8)
                [!provide]                        PROVIDE (end = .)
                0x0000000020000070                PROVIDE (_end = .)
                0x0000000020000270                . = (. + _Min_Heap_Size)
 *fill*         0x0000000020000070      0x200 
                0x0000000020000670                . = (. + _Min_Stack_Size)
 *fill*         0x0000000020000270      0x400 
                0x0000000020000670                . = ALIGN (0x8)

/DISCARD/
 libc.a(*)
 libm.a(*)
 libgcc.a(*)

.ARM.attributes
                0x0000000000000000       0x29
 *(.ARM.attributes)
 .ARM.attributes
                0x0000000000000000       0x1d c:/st/stm32cubeide_1.4.0/stm32cubeide/plugins/com.st.stm32cube.ide.mcu.externaltools.gnu-tools-for-stm32.7-2018-q2-update.win32_1.4.0.202007081208/tools/bin/../lib/gcc/arm-none-eabi/7.3.1/thumb/v7-m/crti.o
 .ARM.attributes
                0x000000000000001d       0x2d c:/st/stm32cubeide_1.4.0/stm32cubeide/plugins/com.st.stm32cube.ide.mcu.externaltools.gnu-tools-for-stm32.7-2018-q2-update.win32_1.4.0.202007081208/tools/bin/../lib/gcc/arm-none-eabi/7.3.1/thumb/v7-m/crtbegin.o
 .ARM.attributes
                0x000000000000004a       0x33 STM32_F103C6_Drivers/STM32_F103C6_EXTI_driver.o
 .ARM.attributes
                0x000000000000007d       0x33 STM32_F103C6_Drivers/STM32_F103C6_SPI_driver.o
 .ARM.attributes
                0x00000000000000b0       0x33 STM32_F103C6_Drivers/STM32_F103C6_USART_driver.o
 .ARM.attributes
                0x00000000000000e3       0x33 STM32_F103C6_Drivers/STM32_F103C6_gpio_driver.o
 .ARM.attributes
                0x0000000000000116       0x33 Src/main.o
 .ARM.attributes
                0x0000000000000149       0x21 Startup/startup_stm32f103c6tx.o
 .ARM.attributes
                0x000000000000016a       0x2d c:/st/stm32cubeide_1.4.0/stm32cubeide/plugins/com.st.stm32cube.ide.mcu.externaltools.gnu-tools-for-stm32.7-2018-q2-update.win32_1.4.0.202007081208/tools/bin/../lib/gcc/arm-none-eabi/7.3.1/../../../../arm-none-eabi/lib/thumb/v7-m\libc_nano.a(lib_a-init.o)
 .ARM.attributes
                0x0000000000000197       0x1d c:/st/stm32cubeide_1.4.0/stm32cubeide/plugins/com.st.stm32cube.ide.mcu.externaltools.gnu-tools-for-stm32.7-2018-q2-update.win32_1.4.0.202007081208/tools/bin/../lib/gcc/arm-none-eabi/7.3.1/thumb/v7-m/crtn.o
OUTPUT(Drivers.axf elf32-littlearm)

.debug_info     0x0000000000000000     0x4490
 .debug_info    0x0000000000000000      0xdad STM32_F103C6_Drivers/STM32_F103C6_EXTI_driver.o
 .debug_info    0x0000000000000dad      0xeec STM32_F103C6_Drivers/STM32_F103C6_SPI_driver.o
 .debug_info    0x0000000000001c99      0xe08 STM32_F103C6_Drivers/STM32_F103C6_USART_driver.o
 .debug_info    0x0000000000002aa1      0xd54 STM32_F103C6_Drivers/STM32_F103C6_gpio_driver.o
 .debug_info    0x00000000000037f5      0xc79 Src/main.o
 .debug_info    0x000000000000446e       0x22 Startup/startup_stm32f103c6tx.o

.debug_abbrev   0x0000000000000000      0xa6e
 .debug_abbrev  0x0000000000000000      0x21e STM32_F103C6_Drivers/STM32_F103C6_EXTI_driver.o
 .debug_abbrev  0x000000000000021e      0x258 STM32_F103C6_Drivers/STM32_F103C6_SPI_driver.o
 .debug_abbrev  0x0000000000000476      0x203 STM32_F103C6_Drivers/STM32_F103C6_USART_driver.o
 .debug_abbrev  0x0000000000000679      0x207 STM32_F103C6_Drivers/STM32_F103C6_gpio_driver.o
 .debug_abbrev  0x0000000000000880      0x1dc Src/main.o
 .debug_abbrev  0x0000000000000a5c       0x12 Startup/startup_stm32f103c6tx.o

.debug_loc      0x0000000000000000      0xc60
 .debug_loc     0x0000000000000000      0x320 STM32_F103C6_Drivers/STM32_F103C6_EXTI_driver.o
 .debug_loc     0x0000000000000320      0x2bc STM32_F103C6_Drivers/STM32_F103C6_SPI_driver.o
 .debug_loc     0x00000000000005dc      0x294 STM32_F103C6_Drivers/STM32_F103C6_USART_driver.o
 .debug_loc     0x0000000000000870      0x330 STM32_F103C6_Drivers/STM32_F103C6_gpio_driver.o
 .debug_loc     0x0000000000000ba0       0xc0 Src/main.o

.debug_aranges  0x0000000000000000      0x1f0
 .debug_aranges
                0x0000000000000000       0x80 STM32_F103C6_Drivers/STM32_F103C6_EXTI_driver.o
 .debug_aranges
                0x0000000000000080       0x58 STM32_F103C6_Drivers/STM32_F103C6_SPI_driver.o
 .debug_aranges
                0x00000000000000d8       0x60 STM32_F103C6_Drivers/STM32_F103C6_USART_driver.o
 .debug_aranges
                0x0000000000000138       0x60 STM32_F103C6_Drivers/STM32_F103C6_gpio_driver.o
 .debug_aranges
                0x0000000000000198       0x30 Src/main.o
 .debug_aranges
                0x00000000000001c8       0x28 Startup/startup_stm32f103c6tx.o

.debug_ranges   0x0000000000000000      0x198
 .debug_ranges  0x0000000000000000       0x70 STM32_F103C6_Drivers/STM32_F103C6_EXTI_driver.o
 .debug_ranges  0x0000000000000070       0x48 STM32_F103C6_Drivers/STM32_F103C6_SPI_driver.o
 .debug_ranges  0x00000000000000b8       0x50 STM32_F103C6_Drivers/STM32_F103C6_USART_driver.o
 .debug_ranges  0x0000000000000108       0x50 STM32_F103C6_Drivers/STM32_F103C6_gpio_driver.o
 .debug_ranges  0x0000000000000158       0x20 Src/main.o
 .debug_ranges  0x0000000000000178       0x20 Startup/startup_stm32f103c6tx.o

.debug_macro    0x0000000000000000     0x2fc9
 .debug_macro   0x0000000000000000      0x1ed STM32_F103C6_Drivers/STM32_F103C6_EXTI_driver.o
 .debug_macro   0x00000000000001ed      0xa60 STM32_F103C6_Drivers/STM32_F103C6_EXTI_driver.o
 .debug_macro   0x0000000000000c4d       0x22 STM32_F103C6_Drivers/STM32_F103C6_EXTI_driver.o
 .debug_macro   0x0000000000000c6f       0x40 STM32_F103C6_Drivers/STM32_F103C6_EXTI_driver.o
 .debug_macro   0x0000000000000caf       0x18 STM32_F103C6_Drivers/STM32_F103C6_EXTI_driver.o
 .debug_macro   0x0000000000000cc7       0x94 STM32_F103C6_Drivers/STM32_F103C6_EXTI_driver.o
 .debug_macro   0x0000000000000d5b       0x3c STM32_F103C6_Drivers/STM32_F103C6_EXTI_driver.o
 .debug_macro   0x0000000000000d97       0x34 STM32_F103C6_Drivers/STM32_F103C6_EXTI_driver.o
 .debug_macro   0x0000000000000dcb       0x16 STM32_F103C6_Drivers/STM32_F103C6_EXTI_driver.o
 .debug_macro   0x0000000000000de1       0x57 STM32_F103C6_Drivers/STM32_F103C6_EXTI_driver.o
 .debug_macro   0x0000000000000e38       0x97 STM32_F103C6_Drivers/STM32_F103C6_EXTI_driver.o
 .debug_macro   0x0000000000000ecf      0x330 STM32_F103C6_Drivers/STM32_F103C6_EXTI_driver.o
 .debug_macro   0x00000000000011ff       0xfd STM32_F103C6_Drivers/STM32_F103C6_EXTI_driver.o
 .debug_macro   0x00000000000012fc       0x10 STM32_F103C6_Drivers/STM32_F103C6_EXTI_driver.o
 .debug_macro   0x000000000000130c       0x52 STM32_F103C6_Drivers/STM32_F103C6_EXTI_driver.o
 .debug_macro   0x000000000000135e       0x1f STM32_F103C6_Drivers/STM32_F103C6_EXTI_driver.o
 .debug_macro   0x000000000000137d       0x43 STM32_F103C6_Drivers/STM32_F103C6_EXTI_driver.o
 .debug_macro   0x00000000000013c0       0x20 STM32_F103C6_Drivers/STM32_F103C6_EXTI_driver.o
 .debug_macro   0x00000000000013e0      0x1a3 STM32_F103C6_Drivers/STM32_F103C6_EXTI_driver.o
 .debug_macro   0x0000000000001583       0x10 STM32_F103C6_Drivers/STM32_F103C6_EXTI_driver.o
 .debug_macro   0x0000000000001593       0x6a STM32_F103C6_Drivers/STM32_F103C6_EXTI_driver.o
 .debug_macro   0x00000000000015fd       0x1c STM32_F103C6_Drivers/STM32_F103C6_EXTI_driver.o
 .debug_macro   0x0000000000001619       0x52 STM32_F103C6_Drivers/STM32_F103C6_EXTI_driver.o
 .debug_macro   0x000000000000166b       0x40 STM32_F103C6_Drivers/STM32_F103C6_EXTI_driver.o
 .debug_macro   0x00000000000016ab       0x10 STM32_F103C6_Drivers/STM32_F103C6_EXTI_driver.o
 .debug_macro   0x00000000000016bb       0x40 STM32_F103C6_Drivers/STM32_F103C6_EXTI_driver.o
 .debug_macro   0x00000000000016fb       0xd7 STM32_F103C6_Drivers/STM32_F103C6_EXTI_driver.o
 .debug_macro   0x00000000000017d2       0x1c STM32_F103C6_Drivers/STM32_F103C6_EXTI_driver.o
 .debug_macro   0x00000000000017ee       0x3d STM32_F103C6_Drivers/STM32_F103C6_EXTI_driver.o
 .debug_macro   0x000000000000182b       0x16 STM32_F103C6_Drivers/STM32_F103C6_EXTI_driver.o
 .debug_macro   0x0000000000001841      0x145 STM32_F103C6_Drivers/STM32_F103C6_EXTI_driver.o
 .debug_macro   0x0000000000001986       0xef STM32_F103C6_Drivers/STM32_F103C6_EXTI_driver.o
 .debug_macro   0x0000000000001a75      0x1df STM32_F103C6_Drivers/STM32_F103C6_EXTI_driver.o
 .debug_macro   0x0000000000001c54      0x2b9 STM32_F103C6_Drivers/STM32_F103C6_EXTI_driver.o
 .debug_macro   0x0000000000001f0d       0xd0 STM32_F103C6_Drivers/STM32_F103C6_EXTI_driver.o
 .debug_macro   0x0000000000001fdd      0x21f STM32_F103C6_Drivers/STM32_F103C6_EXTI_driver.o
 .debug_macro   0x00000000000021fc      0x200 STM32_F103C6_Drivers/STM32_F103C6_SPI_driver.o
 .debug_macro   0x00000000000023fc       0x16 STM32_F103C6_Drivers/STM32_F103C6_SPI_driver.o
 .debug_macro   0x0000000000002412       0xc1 STM32_F103C6_Drivers/STM32_F103C6_SPI_driver.o
 .debug_macro   0x00000000000024d3      0x1e8 STM32_F103C6_Drivers/STM32_F103C6_USART_driver.o
 .debug_macro   0x00000000000026bb       0xe2 STM32_F103C6_Drivers/STM32_F103C6_USART_driver.o
 .debug_macro   0x000000000000279d      0x1d6 STM32_F103C6_Drivers/STM32_F103C6_gpio_driver.o
 .debug_macro   0x0000000000002973       0xca STM32_F103C6_Drivers/STM32_F103C6_gpio_driver.o
 .debug_macro   0x0000000000002a3d      0x20c Src/main.o
 .debug_macro   0x0000000000002c49      0x2b9 Src/main.o
 .debug_macro   0x0000000000002f02       0xc7 Src/main.o

.debug_line     0x0000000000000000     0x24c8
 .debug_line    0x0000000000000000      0x7d7 STM32_F103C6_Drivers/STM32_F103C6_EXTI_driver.o
 .debug_line    0x00000000000007d7      0x766 STM32_F103C6_Drivers/STM32_F103C6_SPI_driver.o
 .debug_line    0x0000000000000f3d      0x748 STM32_F103C6_Drivers/STM32_F103C6_USART_driver.o
 .debug_line    0x0000000000001685      0x71a STM32_F103C6_Drivers/STM32_F103C6_gpio_driver.o
 .debug_line    0x0000000000001d9f      0x6a5 Src/main.o
 .debug_line    0x0000000000002444       0x84 Startup/startup_stm32f103c6tx.o

.debug_str      0x0000000000000000     0xb5bb
 .debug_str     0x0000000000000000     0xa442 STM32_F103C6_Drivers/STM32_F103C6_EXTI_driver.o
                                       0xa6a5 (size before relaxing)
 .debug_str     0x000000000000a442      0x800 STM32_F103C6_Drivers/STM32_F103C6_SPI_driver.o
                                       0x9afc (size before relaxing)
 .debug_str     0x000000000000ac42      0x7b8 STM32_F103C6_Drivers/STM32_F103C6_USART_driver.o
                                       0x9b83 (size before relaxing)
 .debug_str     0x000000000000b3fa       0xf8 STM32_F103C6_Drivers/STM32_F103C6_gpio_driver.o
                                       0x943e (size before relaxing)
 .debug_str     0x000000000000b4f2       0x98 Src/main.o
                                       0xb0ee (size before relaxing)
 .debug_str     0x000000000000b58a       0x31 Startup/startup_stm32f103c6tx.o
                                         0x71 (size before relaxing)

.comment        0x0000000000000000       0x7b
 .comment       0x0000000000000000       0x7b STM32_F103C6_Drivers/STM32_F103C6_EXTI_driver.o
                                         0x7c (size before relaxing)
 .comment       0x000000000000007b       0x7c STM32_F103C6_Drivers/STM32_F103C6_SPI_driver.o
 .comment       0x000000000000007b       0x7c STM32_F103C6_Drivers/STM32_F103C6_USART_driver.o
 .comment       0x000000000000007b       0x7c STM32_F103C6_Drivers/STM32_F103C6_gpio_driver.o
 .comment       0x000000000000007b       0x7c Src/main.o

.debug_frame    0x0000000000000000      0x65c
 .debug_frame   0x0000000000000000      0x1b0 STM32_F103C6_Drivers/STM32_F103C6_EXTI_driver.o
 .debug_frame   0x00000000000001b0      0x148 STM32_F103C6_Drivers/STM32_F103C6_SPI_driver.o
 .debug_frame   0x00000000000002f8      0x14c STM32_F103C6_Drivers/STM32_F103C6_USART_driver.o
 .debug_frame   0x0000000000000444      0x178 STM32_F103C6_Drivers/STM32_F103C6_gpio_driver.o
 .debug_frame   0x00000000000005bc       0x74 Src/main.o
 .debug_frame   0x0000000000000630       0x2c c:/st/stm32cubeide_1.4.0/stm32cubeide/plugins/com.st.stm32cube.ide.mcu.externaltools.gnu-tools-for-stm32.7-2018-q2-update.win32_1.4.0.202007081208/tools/bin/../lib/gcc/arm-none-eabi/7.3.1/../../../../arm-none-eabi/lib/thumb/v7-m\libc_nano.a(lib_a-init.o)
