Archive member included to satisfy reference by file (symbol)

c:/st/stm32cubeide_1.4.0/stm32cubeide/plugins/com.st.stm32cube.ide.mcu.externaltools.gnu-tools-for-stm32.7-2018-q2-update.win32_1.4.0.202007081208/tools/bin/../lib/gcc/arm-none-eabi/7.3.1/../../../../arm-none-eabi/lib/thumb/v7-m\libc_nano.a(lib_a-errno.o)
                              Src/syscalls.o (__errno)
c:/st/stm32cubeide_1.4.0/stm32cubeide/plugins/com.st.stm32cube.ide.mcu.externaltools.gnu-tools-for-stm32.7-2018-q2-update.win32_1.4.0.202007081208/tools/bin/../lib/gcc/arm-none-eabi/7.3.1/../../../../arm-none-eabi/lib/thumb/v7-m\libc_nano.a(lib_a-exit.o)
                              c:/st/stm32cubeide_1.4.0/stm32cubeide/plugins/com.st.stm32cube.ide.mcu.externaltools.gnu-tools-for-stm32.7-2018-q2-update.win32_1.4.0.202007081208/tools/bin/../lib/gcc/arm-none-eabi/7.3.1/../../../../arm-none-eabi/lib/thumb/v7-m/crt0.o (exit)
c:/st/stm32cubeide_1.4.0/stm32cubeide/plugins/com.st.stm32cube.ide.mcu.externaltools.gnu-tools-for-stm32.7-2018-q2-update.win32_1.4.0.202007081208/tools/bin/../lib/gcc/arm-none-eabi/7.3.1/../../../../arm-none-eabi/lib/thumb/v7-m\libc_nano.a(lib_a-impure.o)
                              c:/st/stm32cubeide_1.4.0/stm32cubeide/plugins/com.st.stm32cube.ide.mcu.externaltools.gnu-tools-for-stm32.7-2018-q2-update.win32_1.4.0.202007081208/tools/bin/../lib/gcc/arm-none-eabi/7.3.1/../../../../arm-none-eabi/lib/thumb/v7-m\libc_nano.a(lib_a-exit.o) (_global_impure_ptr)
c:/st/stm32cubeide_1.4.0/stm32cubeide/plugins/com.st.stm32cube.ide.mcu.externaltools.gnu-tools-for-stm32.7-2018-q2-update.win32_1.4.0.202007081208/tools/bin/../lib/gcc/arm-none-eabi/7.3.1/../../../../arm-none-eabi/lib/thumb/v7-m\libc_nano.a(lib_a-init.o)
                              c:/st/stm32cubeide_1.4.0/stm32cubeide/plugins/com.st.stm32cube.ide.mcu.externaltools.gnu-tools-for-stm32.7-2018-q2-update.win32_1.4.0.202007081208/tools/bin/../lib/gcc/arm-none-eabi/7.3.1/../../../../arm-none-eabi/lib/thumb/v7-m/crt0.o (__libc_init_array)
c:/st/stm32cubeide_1.4.0/stm32cubeide/plugins/com.st.stm32cube.ide.mcu.externaltools.gnu-tools-for-stm32.7-2018-q2-update.win32_1.4.0.202007081208/tools/bin/../lib/gcc/arm-none-eabi/7.3.1/../../../../arm-none-eabi/lib/thumb/v7-m\libc_nano.a(lib_a-memset.o)
                              c:/st/stm32cubeide_1.4.0/stm32cubeide/plugins/com.st.stm32cube.ide.mcu.externaltools.gnu-tools-for-stm32.7-2018-q2-update.win32_1.4.0.202007081208/tools/bin/../lib/gcc/arm-none-eabi/7.3.1/../../../../arm-none-eabi/lib/thumb/v7-m/crt0.o (memset)

Allocating common symbols
Common symbol       size              file

_E_MSP              0x4               Src/main.o
_S_PSP_TA           0x4               Src/main.o
TaskB_flag          0x1               Src/main.o
_S_PSP_TB           0x4               Src/main.o
TaskA_flag          0x1               Src/main.o
call_back           0x3c              STM32_F103C6_Drivers/STM32_F103C6_EXTI_driver.o
_E_PSP_TB           0x4               Src/main.o
_E_PSP_TA           0x4               Src/main.o

Discarded input sections

 .text          0x0000000000000000        0x0 c:/st/stm32cubeide_1.4.0/stm32cubeide/plugins/com.st.stm32cube.ide.mcu.externaltools.gnu-tools-for-stm32.7-2018-q2-update.win32_1.4.0.202007081208/tools/bin/../lib/gcc/arm-none-eabi/7.3.1/thumb/v7-m/crti.o
 .data          0x0000000000000000        0x0 c:/st/stm32cubeide_1.4.0/stm32cubeide/plugins/com.st.stm32cube.ide.mcu.externaltools.gnu-tools-for-stm32.7-2018-q2-update.win32_1.4.0.202007081208/tools/bin/../lib/gcc/arm-none-eabi/7.3.1/thumb/v7-m/crti.o
 .bss           0x0000000000000000        0x0 c:/st/stm32cubeide_1.4.0/stm32cubeide/plugins/com.st.stm32cube.ide.mcu.externaltools.gnu-tools-for-stm32.7-2018-q2-update.win32_1.4.0.202007081208/tools/bin/../lib/gcc/arm-none-eabi/7.3.1/thumb/v7-m/crti.o
 .data          0x0000000000000000        0x4 c:/st/stm32cubeide_1.4.0/stm32cubeide/plugins/com.st.stm32cube.ide.mcu.externaltools.gnu-tools-for-stm32.7-2018-q2-update.win32_1.4.0.202007081208/tools/bin/../lib/gcc/arm-none-eabi/7.3.1/thumb/v7-m/crtbegin.o
 .text          0x0000000000000000       0x74 c:/st/stm32cubeide_1.4.0/stm32cubeide/plugins/com.st.stm32cube.ide.mcu.externaltools.gnu-tools-for-stm32.7-2018-q2-update.win32_1.4.0.202007081208/tools/bin/../lib/gcc/arm-none-eabi/7.3.1/../../../../arm-none-eabi/lib/thumb/v7-m/crt0.o
 .data          0x0000000000000000        0x0 c:/st/stm32cubeide_1.4.0/stm32cubeide/plugins/com.st.stm32cube.ide.mcu.externaltools.gnu-tools-for-stm32.7-2018-q2-update.win32_1.4.0.202007081208/tools/bin/../lib/gcc/arm-none-eabi/7.3.1/../../../../arm-none-eabi/lib/thumb/v7-m/crt0.o
 .bss           0x0000000000000000        0x0 c:/st/stm32cubeide_1.4.0/stm32cubeide/plugins/com.st.stm32cube.ide.mcu.externaltools.gnu-tools-for-stm32.7-2018-q2-update.win32_1.4.0.202007081208/tools/bin/../lib/gcc/arm-none-eabi/7.3.1/../../../../arm-none-eabi/lib/thumb/v7-m/crt0.o
[...]
Memory Configuration

Name             Origin             Length             Attributes
RAM              0x0000000020000000 0x0000000000005000 xrw
ROM              0x0000000008000000 0x0000000000008000 xr
*default*        0x0000000000000000 0xffffffffffffffff

Linker script and memory map

LOAD c:/st/stm32cubeide_1.4.0/stm32cubeide/plugins/com.st.stm32cube.ide.mcu.externaltools.gnu-tools-for-stm32.7-2018-q2-update.win32_1.4.0.202007081208/tools/bin/../lib/gcc/arm-none-eabi/7.3.1/thumb/v7-m/crti.o
LOAD c:/st/stm32cubeide_1.4.0/stm32cubeide/plugins/com.st.stm32cube.ide.mcu.externaltools.gnu-tools-for-stm32.7-2018-q2-update.win32_1.4.0.202007081208/tools/bin/../lib/gcc/arm-none-eabi/7.3.1/thumb/v7-m/crtbegin.o
LOAD c:/st/stm32cubeide_1.4.0/stm32cubeide/plugins/com.st.stm32cube.ide.mcu.externaltools.gnu-tools-for-stm32.7-2018-q2-update.win32_1.4.0.202007081208/tools/bin/../lib/gcc/arm-none-eabi/7.3.1/../../../../arm-none-eabi/lib/thumb/v7-m/crt0.o
LOAD STM32_F103C6_Drivers/STM32_F103C6_EXTI_driver.o
LOAD STM32_F103C6_Drivers/STM32_F103C6_RCC_driver.o
LOAD STM32_F103C6_Drivers/STM32_F103C6_SPI_driver.o
LOAD STM32_F103C6_Drivers/STM32_F103C6_USART_driver.o
LOAD STM32_F103C6_Drivers/STM32_F103C6_gpio_driver.o
LOAD Src/main.o
LOAD Src/syscalls.o
LOAD Src/sysmem.o
LOAD Startup/startup_stm32f103c6tx.o
START GROUP
LOAD c:/st/stm32cubeide_1.4.0/stm32cubeide/plugins/com.st.stm32cube.ide.mcu.externaltools.gnu-tools-for-stm32.7-2018-q2-update.win32_1.4.0.202007081208/tools/bin/../lib/gcc/arm-none-eabi/7.3.1/../../../../arm-none-eabi/lib/thumb/v7-m\libc_nano.a
LOAD c:/st/stm32cubeide_1.4.0/stm32cubeide/plugins/com.st.stm32cube.ide.mcu.externaltools.gnu-tools-for-stm32.7-2018-q2-update.win32_1.4.0.202007081208/tools/bin/../lib/gcc/arm-none-eabi/7.3.1/../../../../arm-none-eabi/lib/thumb/v7-m\libm.a
END GROUP
START GROUP
LOAD c:/st/stm32cubeide_1.4.0/stm32cubeide/plugins/com.st.stm32cube.ide.mcu.externaltools.gnu-tools-for-stm32.7-2018-q2-update.win32_1.4.0.202007081208/tools/bin/../lib/gcc/arm-none-eabi/7.3.1/thumb/v7-m\libgcc.a
LOAD c:/st/stm32cubeide_1.4.0/stm32cubeide/plugins/com.st.stm32cube.ide.mcu.externaltools.gnu-tools-for-stm32.7-2018-q2-update.win32_1.4.0.202007081208/tools/bin/../lib/gcc/arm-none-eabi/7.3.1/../../../../arm-none-eabi/lib/thumb/v7-m\libg_nano.a
LOAD c:/st/stm32cubeide_1.4.0/stm32cubeide/plugins/com.st.stm32cube.ide.mcu.externaltools.gnu-tools-for-stm32.7-2018-q2-update.win32_1.4.0.202007081208/tools/bin/../lib/gcc/arm-none-eabi/7.3.1/../../../../arm-none-eabi/lib/thumb/v7-m\libc_nano.a
END GROUP
START GROUP
LOAD c:/st/stm32cubeide_1.4.0/stm32cubeide/plugins/com.st.stm32cube.ide.mcu.externaltools.gnu-tools-for-stm32.7-2018-q2-update.win32_1.4.0.202007081208/tools/bin/../lib/gcc/arm-none-eabi/7.3.1/thumb/v7-m\libgcc.a
LOAD c:/st/stm32cubeide_1.4.0/stm32cubeide/plugins/com.st.stm32cube.ide.mcu.externaltools.gnu-tools-for-stm32.7-2018-q2-update.win32_1.4.0.202007081208/tools/bin/../lib/gcc/arm-none-eabi/7.3.1/../../../../arm-none-eabi/lib/thumb/v7-m\libc_nano.a
LOAD c:/st/stm32cubeide_1.4.0/stm32cubeide/plugins/com.st.stm32cube.ide.mcu.externaltools.gnu-tools-for-stm32.7-2018-q2-update.win32_1.4.0.202007081208/tools/bin/../lib/gcc/arm-none-eabi/7.3.1/../../../../arm-none-eabi/lib/thumb/v7-m\libnosys.a
END GROUP
START GROUP
LOAD c:/st/stm32cubeide_1.4.0/stm32cubeide/plugins/com.st.stm32cube.ide.mcu.externaltools.gnu-tools-for-stm32.7-2018-q2-update.win32_1.4.0.202007081208/tools/bin/../lib/gcc/arm-none-eabi/7.3.1/thumb/v7-m\libgcc.a
LOAD c:/st/stm32cubeide_1.4.0/stm32cubeide/plugins/com.st.stm32cube.ide.mcu.externaltools.gnu-tools-for-stm32.7-2018-q2-update.win32_1.4.0.202007081208/tools/bin/../lib/gcc/arm-none-eabi/7.3.1/../../../../arm-none-eabi/lib/thumb/v7-m\libc_nano.a
LOAD c:/st/stm32cubeide_1.4.0/stm32cubeide/plugins/com.st.stm32cube.ide.mcu.externaltools.gnu-tools-for-stm32.7-2018-q2-update.win32_1.4.0.202007081208/tools/bin/../lib/gcc/arm-none-eabi/7.3.1/../../../../arm-none-eabi/lib/thumb/v7-m\libnosys.a
END GROUP
LOAD c:/st/stm32cubeide_1.4.0/stm32cubeide/plugins/com.st.stm32cube.ide.mcu.externaltools.gnu-tools-for-stm32.7-2018-q2-update.win32_1.4.0.202007081208/tools/bin/../lib/gcc/arm-none-eabi/7.3.1/thumb/v7-m/crtend.o
LOAD c:/st/stm32cubeide_1.4.0/stm32cubeide/plugins/com.st.stm32cube.ide.mcu.externaltools.gnu-tools-for-stm32.7-2018-q2-update.win32_1.4.0.202007081208/tools/bin/../lib/gcc/arm-none-eabi/7.3.1/thumb/v7-m/crtn.o
                0x0000000020005000                _estack = (ORIGIN (RAM) + LENGTH (RAM))
                0x0000000000000200                _Min_Heap_Size = 0x200
                0x0000000000000400                _Min_Stack_Size = 0x400

.isr_vector     0x0000000008000000      0x130
                0x0000000008000000                . = ALIGN (0x4)
 *(.isr_vector)
 .isr_vector    0x0000000008000000      0x130 Startup/startup_stm32f103c6tx.o
                0x0000000008000000                g_pfnVectors
                0x0000000008000130                . = ALIGN (0x4)

.text           0x0000000008000130      0x50c
                0x0000000008000130                . = ALIGN (0x4)
 *(.text)
 .text          0x0000000008000130       0x40 c:/st/stm32cubeide_1.4.0/stm32cubeide/plugins/com.st.stm32cube.ide.mcu.externaltools.gnu-tools-for-stm32.7-2018-q2-update.win32_1.4.0.202007081208/tools/bin/../lib/gcc/arm-none-eabi/7.3.1/thumb/v7-m/crtbegin.o
 *(.text*)
 .text.EXTI0_IRQHandler
                0x0000000008000170       0x24 STM32_F103C6_Drivers/STM32_F103C6_EXTI_driver.o
                0x0000000008000170                EXTI0_IRQHandler
 .text.EXTI1_IRQHandler
                0x0000000008000194       0x24 STM32_F103C6_Drivers/STM32_F103C6_EXTI_driver.o
                0x0000000008000194                EXTI1_IRQHandler
 .text.EXTI2_IRQHandler
                0x00000000080001b8       0x24 STM32_F103C6_Drivers/STM32_F103C6_EXTI_driver.o
                0x00000000080001b8                EXTI2_IRQHandler
 .text.EXTI3_IRQHandler
                0x00000000080001dc       0x24 STM32_F103C6_Drivers/STM32_F103C6_EXTI_driver.o
                0x00000000080001dc                EXTI3_IRQHandler
 .text.EXTI4_IRQHandler
                0x0000000008000200       0x24 STM32_F103C6_Drivers/STM32_F103C6_EXTI_driver.o
                0x0000000008000200                EXTI4_IRQHandler
 .text.EXTI9_5_IRQHandler
                0x0000000008000224       0xa8 STM32_F103C6_Drivers/STM32_F103C6_EXTI_driver.o
                0x0000000008000224                EXTI9_5_IRQHandler
 .text.EXTI15_10_IRQHandler
                0x00000000080002cc       0xc4 STM32_F103C6_Drivers/STM32_F103C6_EXTI_driver.o
                0x00000000080002cc                EXTI15_10_IRQHandler
 .text.SPI1_IRQHandler
                0x0000000008000390       0x5c STM32_F103C6_Drivers/STM32_F103C6_SPI_driver.o
                0x0000000008000390                SPI1_IRQHandler
 .text.SPI2_IRQHandler
                0x00000000080003ec       0x5c STM32_F103C6_Drivers/STM32_F103C6_SPI_driver.o
                0x00000000080003ec                SPI2_IRQHandler
 .text.USART1_IRQHandler
                0x0000000008000448       0x14 STM32_F103C6_Drivers/STM32_F103C6_USART_driver.o
                0x0000000008000448                USART1_IRQHandler
 .text.USART2_IRQHandler
                0x000000000800045c       0x14 STM32_F103C6_Drivers/STM32_F103C6_USART_driver.o
                0x000000000800045c                USART2_IRQHandler
 .text.USART3_IRQHandler
                0x0000000008000470       0x14 STM32_F103C6_Drivers/STM32_F103C6_USART_driver.o
                0x0000000008000470                USART3_IRQHandler
 .text.OS_SVC_SET
                0x0000000008000484       0x36 Src/main.o
                0x0000000008000484                OS_SVC_SET
 .text.OS_SVC_services
                0x00000000080004ba       0x68 Src/main.o
                0x00000000080004ba                OS_SVC_services
 .text.SVC_Handler
                0x0000000008000522       0x14 Src/main.o
                0x0000000008000522                SVC_Handler
 *fill*         0x0000000008000536        0x2 
 .text.main     0x0000000008000538       0x50 Src/main.o
                0x0000000008000538                main
 .text.Reset_Handler
                0x0000000008000588       0x50 Startup/startup_stm32f103c6tx.o
                0x0000000008000588                Reset_Handler
 .text.Default_Handler
                0x00000000080005d8        0x2 Startup/startup_stm32f103c6tx.o
                0x00000000080005d8                TIM8_TRG_COM_IRQHandler
                0x00000000080005d8                TIM8_CC_IRQHandler
                0x00000000080005d8                DebugMon_Handler
                0x00000000080005d8                TIM1_CC_IRQHandler
                0x00000000080005d8                HardFault_Handler
                0x00000000080005d8                TIM6_IRQHandler
                0x00000000080005d8                SysTick_Handler
                0x00000000080005d8                PVD_IRQHandler
                0x00000000080005d8                SDIO_IRQHandler
                0x00000000080005d8                PendSV_Handler
                0x00000000080005d8                NMI_Handler
                0x00000000080005d8                USB_HP_CAN_TX_IRQHandler
                0x00000000080005d8                I2C2_EV_IRQHandler
                0x00000000080005d8                UsageFault_Handler
                0x00000000080005d8                ADC1_2_IRQHandler
                0x00000000080005d8                CAN_SCE_IRQHandler
                0x00000000080005d8                TAMPER_IRQHandler
                0x00000000080005d8                TIM8_UP_IRQHandler
                0x00000000080005d8                DMA2_Channel2_IRQHandler
                0x00000000080005d8                DMA1_Channel4_IRQHandler
                0x00000000080005d8                RTC_IRQHandler
                0x00000000080005d8                DMA1_Channel7_IRQHandler
                0x00000000080005d8                UART5_IRQHandler
                0x00000000080005d8                ADC3_IRQHandler
                0x00000000080005d8                TIM4_IRQHandler
                0x00000000080005d8                CAN_RX1_IRQHandler
                0x00000000080005d8                DMA2_Channel1_IRQHandler
                0x00000000080005d8                I2C1_EV_IRQHandler
                0x00000000080005d8                DMA1_Channel6_IRQHandler
                0x00000000080005d8                UART4_IRQHandler
                0x00000000080005d8                TIM3_IRQHandler
                0x00000000080005d8                RCC_IRQHandler
                0x00000000080005d8                TIM1_TRG_COM_IRQHandler
                0x00000000080005d8                DMA1_Channel1_IRQHandler
                0x00000000080005d8                Default_Handler
                0x00000000080005d8                TIM7_IRQHandler
                0x00000000080005d8                TIM5_IRQHandler
                0x00000000080005d8                USB_LP_CAN_RX0_IRQHandler
                0x00000000080005d8                MemManage_Handler
                0x00000000080005d8                DMA1_Channel5_IRQHandler
                0x00000000080005d8                DMA1_Channel3_IRQHandler
                0x00000000080005d8                FSMC_IRQHandler
                0x00000000080005d8                TIM1_UP_IRQHandler
                0x00000000080005d8                WWDG_IRQHandler
                0x00000000080005d8                TIM2_IRQHandler
                0x00000000080005d8                TIM1_BRK_IRQHandler
                0x00000000080005d8                RTCAlarm_IRQHandler
                0x00000000080005d8                DMA2_Channel4_5_IRQHandler
                0x00000000080005d8                I2C2_ER_IRQHandler
                0x00000000080005d8                DMA1_Channel2_IRQHandler
                0x00000000080005d8                TIM8_BRK_IRQHandler
                0x00000000080005d8                FLASH_IRQHandler
                0x00000000080005d8                BusFault_Handler
                0x00000000080005d8                SPI3_IRQHandler
                0x00000000080005d8                I2C1_ER_IRQHandler
                0x00000000080005d8                DMA2_Channel3_IRQHandler
 *fill*         0x00000000080005da        0x2 
 .text.__libc_init_array
                0x00000000080005dc       0x48 c:/st/stm32cubeide_1.4.0/stm32cubeide/plugins/com.st.stm32cube.ide.mcu.externaltools.gnu-tools-for-stm32.7-2018-q2-update.win32_1.4.0.202007081208/tools/bin/../lib/gcc/arm-none-eabi/7.3.1/../../../../arm-none-eabi/lib/thumb/v7-m\libc_nano.a(lib_a-init.o)
                0x00000000080005dc                __libc_init_array
 *(.glue_7)
 .glue_7        0x0000000008000624        0x0 linker stubs
 *(.glue_7t)
 .glue_7t       0x0000000008000624        0x0 linker stubs
 *(.eh_frame)
 .eh_frame      0x0000000008000624        0x0 c:/st/stm32cubeide_1.4.0/stm32cubeide/plugins/com.st.stm32cube.ide.mcu.externaltools.gnu-tools-for-stm32.7-2018-q2-update.win32_1.4.0.202007081208/tools/bin/../lib/gcc/arm-none-eabi/7.3.1/thumb/v7-m/crtbegin.o
 *(.init)
 .init          0x0000000008000624        0x4 c:/st/stm32cubeide_1.4.0/stm32cubeide/plugins/com.st.stm32cube.ide.mcu.externaltools.gnu-tools-for-stm32.7-2018-q2-update.win32_1.4.0.202007081208/tools/bin/../lib/gcc/arm-none-eabi/7.3.1/thumb/v7-m/crti.o
                0x0000000008000624                _init
 .init          0x0000000008000628        0x8 c:/st/stm32cubeide_1.4.0/stm32cubeide/plugins/com.st.stm32cube.ide.mcu.externaltools.gnu-tools-for-stm32.7-2018-q2-update.win32_1.4.0.202007081208/tools/bin/../lib/gcc/arm-none-eabi/7.3.1/thumb/v7-m/crtn.o
 *(.fini)
 .fini          0x0000000008000630        0x4 c:/st/stm32cubeide_1.4.0/stm32cubeide/plugins/com.st.stm32cube.ide.mcu.externaltools.gnu-tools-for-stm32.7-2018-q2-update.win32_1.4.0.202007081208/tools/bin/../lib/gcc/arm-none-eabi/7.3.1/thumb/v7-m/crti.o
                0x0000000008000630                _fini
 .fini          0x0000000008000634        0x8 c:/st/stm32cubeide_1.4.0/stm32cubeide/plugins/com.st.stm32cube.ide.mcu.externaltools.gnu-tools-for-stm32.7-2018-q2-update.win32_1.4.0.202007081208/tools/bin/../lib/gcc/arm-none-eabi/7.3.1/thumb/v7-m/crtn.o
                0x000000000800063c                . = ALIGN (0x4)
                0x000000000800063c                _etext = .

.vfp11_veneer   0x000000000800063c        0x0
 .vfp11_veneer  0x000000000800063c        0x0 linker stubs

.v4_bx          0x000000000800063c        0x0
 .v4_bx         0x000000000800063c        0x0 linker stubs

.iplt           0x000000000800063c        0x0
 .iplt          0x000000000800063c        0x0 c:/st/stm32cubeide_1.4.0/stm32cubeide/plugins/com.st.stm32cube.ide.mcu.externaltools.gnu-tools-for-stm32.7-2018-q2-update.win32_1.4.0.202007081208/tools/bin/../lib/gcc/arm-none-eabi/7.3.1/thumb/v7-m/crtbegin.o

.rel.dyn        0x000000000800063c        0x0
 .rel.iplt      0x000000000800063c        0x0 c:/st/stm32cubeide_1.4.0/stm32cubeide/plugins/com.st.stm32cube.ide.mcu.externaltools.gnu-tools-for-stm32.7-2018-q2-update.win32_1.4.0.202007081208/tools/bin/../lib/gcc/arm-none-eabi/7.3.1/thumb/v7-m/crtbegin.o

.rodata         0x000000000800063c        0x0
                0x000000000800063c                . = ALIGN (0x4)
 *(.rodata)
 *(.rodata*)
                0x000000000800063c                . = ALIGN (0x4)

.ARM.extab      0x000000000800063c        0x0
                0x000000000800063c                . = ALIGN (0x4)
 *(.ARM.extab* .gnu.linkonce.armextab.*)
                0x000000000800063c                . = ALIGN (0x4)

.ARM            0x000000000800063c        0x0
                0x000000000800063c                . = ALIGN (0x4)
                0x000000000800063c                __exidx_start = .
 *(.ARM.exidx*)
                0x000000000800063c                __exidx_end = .
                0x000000000800063c                . = ALIGN (0x4)

.preinit_array  0x000000000800063c        0x0
                0x000000000800063c                . = ALIGN (0x4)
                0x000000000800063c                PROVIDE (__preinit_array_start = .)
 *(.preinit_array*)
                0x000000000800063c                PROVIDE (__preinit_array_end = .)
                0x000000000800063c                . = ALIGN (0x4)

.init_array     0x000000000800063c        0x4
                0x000000000800063c                . = ALIGN (0x4)
                0x000000000800063c                PROVIDE (__init_array_start = .)
 *(SORT_BY_NAME(.init_array.*))
 *(.init_array*)
 .init_array    0x000000000800063c        0x4 c:/st/stm32cubeide_1.4.0/stm32cubeide/plugins/com.st.stm32cube.ide.mcu.externaltools.gnu-tools-for-stm32.7-2018-q2-update.win32_1.4.0.202007081208/tools/bin/../lib/gcc/arm-none-eabi/7.3.1/thumb/v7-m/crtbegin.o
                0x0000000008000640                PROVIDE (__init_array_end = .)
                0x0000000008000640                . = ALIGN (0x4)

.fini_array     0x0000000008000640        0x4
                0x0000000008000640                . = ALIGN (0x4)
                [!provide]                        PROVIDE (__fini_array_start = .)
 *(SORT_BY_NAME(.fini_array.*))
 *(.fini_array*)
 .fini_array    0x0000000008000640        0x4 c:/st/stm32cubeide_1.4.0/stm32cubeide/plugins/com.st.stm32cube.ide.mcu.externaltools.gnu-tools-for-stm32.7-2018-q2-update.win32_1.4.0.202007081208/tools/bin/../lib/gcc/arm-none-eabi/7.3.1/thumb/v7-m/crtbegin.o
                [!provide]                        PROVIDE (__fini_array_end = .)
                0x0000000008000644                . = ALIGN (0x4)
                0x0000000008000644                _sidata = LOADADDR (.data)

.data           0x0000000020000000        0x0 load address 0x0000000008000644
                0x0000000020000000                . = ALIGN (0x4)
                0x0000000020000000                _sdata = .
 *(.data)
 *(.data*)
                0x0000000020000000                . = ALIGN (0x4)
                0x0000000020000000                _edata = .

.igot.plt       0x0000000020000000        0x0 load address 0x0000000008000644
 .igot.plt      0x0000000020000000        0x0 c:/st/stm32cubeide_1.4.0/stm32cubeide/plugins/com.st.stm32cube.ide.mcu.externaltools.gnu-tools-for-stm32.7-2018-q2-update.win32_1.4.0.202007081208/tools/bin/../lib/gcc/arm-none-eabi/7.3.1/thumb/v7-m/crtbegin.o
                0x0000000020000000                . = ALIGN (0x4)

.bss            0x0000000020000000       0x68 load address 0x0000000008000644
                0x0000000020000000                _sbss = .
                0x0000000020000000                __bss_start__ = _sbss
 *(.bss)
 .bss           0x0000000020000000       0x1c c:/st/stm32cubeide_1.4.0/stm32cubeide/plugins/com.st.stm32cube.ide.mcu.externaltools.gnu-tools-for-stm32.7-2018-q2-update.win32_1.4.0.202007081208/tools/bin/../lib/gcc/arm-none-eabi/7.3.1/thumb/v7-m/crtbegin.o
 *(.bss*)
 .bss.G_SPI_Config
                0x000000002000001c        0x8 STM32_F103C6_Drivers/STM32_F103C6_SPI_driver.o
                0x000000002000001c                G_SPI_Config
 .bss.Global_USART_Config
                0x0000000020000024        0x4 STM32_F103C6_Drivers/STM32_F103C6_USART_driver.o
                0x0000000020000024                Global_USART_Config
 .bss.IRQ_Flag  0x0000000020000028        0x1 Src/main.o
                0x0000000020000028                IRQ_Flag
 *(COMMON)
 *fill*         0x0000000020000029        0x3 
 COMMON         0x000000002000002c       0x3c STM32_F103C6_Drivers/STM32_F103C6_EXTI_driver.o
                0x000000002000002c                call_back
                0x0000000020000068                . = ALIGN (0x4)
                0x0000000020000068                _ebss = .
                0x0000000020000068                __bss_end__ = _ebss

._user_heap_stack
                0x0000000020000068      0x600 load address 0x0000000008000644
                0x0000000020000068                . = ALIGN (0x8)
                [!provide]                        PROVIDE (end = .)
                0x0000000020000068                PROVIDE (_end = .)
                0x0000000020000268                . = (. + _Min_Heap_Size)
 *fill*         0x0000000020000068      0x200 
                0x0000000020000668                . = (. + _Min_Stack_Size)
 *fill*         0x0000000020000268      0x400 
                0x0000000020000668                . = ALIGN (0x8)

/DISCARD/
 libc.a(*)
 libm.a(*)
 libgcc.a(*)

.ARM.attributes
                0x0000000000000000       0x29
 *(.ARM.attributes)
 .ARM.attributes
                0x0000000000000000       0x1d c:/st/stm32cubeide_1.4.0/stm32cubeide/plugins/com.st.stm32cube.ide.mcu.externaltools.gnu-tools-for-stm32.7-2018-q2-update.win32_1.4.0.202007081208/tools/bin/../lib/gcc/arm-none-eabi/7.3.1/thumb/v7-m/crti.o
 .ARM.attributes
                0x000000000000001d       0x2d c:/st/stm32cubeide_1.4.0/stm32cubeide/plugins/com.st.stm32cube.ide.mcu.externaltools.gnu-tools-for-stm32.7-2018-q2-update.win32_1.4.0.202007081208/tools/bin/../lib/gcc/arm-none-eabi/7.3.1/thumb/v7-m/crtbegin.o
 .ARM.attributes
                0x000000000000004a       0x33 STM32_F103C6_Drivers/STM32_F103C6_EXTI_driver.o
 .ARM.attributes
                0x000000000000007d       0x33 STM32_F103C6_Drivers/STM32_F103C6_SPI_driver.o
 .ARM.attributes
                0x00000000000000b0       0x33 STM32_F103C6_Drivers/STM32_F103C6_USART_driver.o
 .ARM.attributes
                0x00000000000000e3       0x33 Src/main.o
 .ARM.attributes
                0x0000000000000116       0x21 Startup/startup_stm32f103c6tx.o
 .ARM.attributes
                0x0000000000000137       0x2d c:/st/stm32cubeide_1.4.0/stm32cubeide/plugins/com.st.stm32cube.ide.mcu.externaltools.gnu-tools-for-stm32.7-2018-q2-update.win32_1.4.0.202007081208/tools/bin/../lib/gcc/arm-none-eabi/7.3.1/../../../../arm-none-eabi/lib/thumb/v7-m\libc_nano.a(lib_a-init.o)
 .ARM.attributes
                0x0000000000000164       0x1d c:/st/stm32cubeide_1.4.0/stm32cubeide/plugins/com.st.stm32cube.ide.mcu.externaltools.gnu-tools-for-stm32.7-2018-q2-update.win32_1.4.0.202007081208/tools/bin/../lib/gcc/arm-none-eabi/7.3.1/thumb/v7-m/crtn.o
OUTPUT(Drivers.axf elf32-littlearm)

.debug_info     0x0000000000000000     0x3700
 .debug_info    0x0000000000000000      0xdad STM32_F103C6_Drivers/STM32_F103C6_EXTI_driver.o
 .debug_info    0x0000000000000dad      0xeec STM32_F103C6_Drivers/STM32_F103C6_SPI_driver.o
 .debug_info    0x0000000000001c99      0xe08 STM32_F103C6_Drivers/STM32_F103C6_USART_driver.o
 .debug_info    0x0000000000002aa1      0xc3d Src/main.o
 .debug_info    0x00000000000036de       0x22 Startup/startup_stm32f103c6tx.o

.debug_abbrev   0x0000000000000000      0x8b3
 .debug_abbrev  0x0000000000000000      0x21e STM32_F103C6_Drivers/STM32_F103C6_EXTI_driver.o
 .debug_abbrev  0x000000000000021e      0x258 STM32_F103C6_Drivers/STM32_F103C6_SPI_driver.o
 .debug_abbrev  0x0000000000000476      0x203 STM32_F103C6_Drivers/STM32_F103C6_USART_driver.o
 .debug_abbrev  0x0000000000000679      0x228 Src/main.o
 .debug_abbrev  0x00000000000008a1       0x12 Startup/startup_stm32f103c6tx.o

.debug_loc      0x0000000000000000      0xa7c
 .debug_loc     0x0000000000000000      0x320 STM32_F103C6_Drivers/STM32_F103C6_EXTI_driver.o
 .debug_loc     0x0000000000000320      0x2bc STM32_F103C6_Drivers/STM32_F103C6_SPI_driver.o
 .debug_loc     0x00000000000005dc      0x294 STM32_F103C6_Drivers/STM32_F103C6_USART_driver.o
 .debug_loc     0x0000000000000870      0x20c Src/main.o

.debug_aranges  0x0000000000000000      0x1b8
 .debug_aranges
                0x0000000000000000       0x80 STM32_F103C6_Drivers/STM32_F103C6_EXTI_driver.o
 .debug_aranges
                0x0000000000000080       0x58 STM32_F103C6_Drivers/STM32_F103C6_SPI_driver.o
 .debug_aranges
                0x00000000000000d8       0x60 STM32_F103C6_Drivers/STM32_F103C6_USART_driver.o
 .debug_aranges
                0x0000000000000138       0x58 Src/main.o
 .debug_aranges
                0x0000000000000190       0x28 Startup/startup_stm32f103c6tx.o

.debug_ranges   0x0000000000000000      0x170
 .debug_ranges  0x0000000000000000       0x70 STM32_F103C6_Drivers/STM32_F103C6_EXTI_driver.o
 .debug_ranges  0x0000000000000070       0x48 STM32_F103C6_Drivers/STM32_F103C6_SPI_driver.o
 .debug_ranges  0x00000000000000b8       0x50 STM32_F103C6_Drivers/STM32_F103C6_USART_driver.o
 .debug_ranges  0x0000000000000108       0x48 Src/main.o
 .debug_ranges  0x0000000000000150       0x20 Startup/startup_stm32f103c6tx.o

.debug_macro    0x0000000000000000     0x3d24
 .debug_macro   0x0000000000000000      0x1ed STM32_F103C6_Drivers/STM32_F103C6_EXTI_driver.o
 .debug_macro   0x00000000000001ed      0xa60 STM32_F103C6_Drivers/STM32_F103C6_EXTI_driver.o
 .debug_macro   0x0000000000000c4d       0x22 STM32_F103C6_Drivers/STM32_F103C6_EXTI_driver.o
 .debug_macro   0x0000000000000c6f       0x40 STM32_F103C6_Drivers/STM32_F103C6_EXTI_driver.o
 .debug_macro   0x0000000000000caf       0x18 STM32_F103C6_Drivers/STM32_F103C6_EXTI_driver.o
 .debug_macro   0x0000000000000cc7       0x94 STM32_F103C6_Drivers/STM32_F103C6_EXTI_driver.o
 .debug_macro   0x0000000000000d5b       0x3c STM32_F103C6_Drivers/STM32_F103C6_EXTI_driver.o
 .debug_macro   0x0000000000000d97       0x34 STM32_F103C6_Drivers/STM32_F103C6_EXTI_driver.o
 .debug_macro   0x0000000000000dcb       0x16 STM32_F103C6_Drivers/STM32_F103C6_EXTI_driver.o
 .debug_macro   0x0000000000000de1       0x57 STM32_F103C6_Drivers/STM32_F103C6_EXTI_driver.o
 .debug_macro   0x0000000000000e38       0x97 STM32_F103C6_Drivers/STM32_F103C6_EXTI_driver.o
 .debug_macro   0x0000000000000ecf      0x330 STM32_F103C6_Drivers/STM32_F103C6_EXTI_driver.o
 .debug_macro   0x00000000000011ff       0xfd STM32_F103C6_Drivers/STM32_F103C6_EXTI_driver.o
 .debug_macro   0x00000000000012fc       0x10 STM32_F103C6_Drivers/STM32_F103C6_EXTI_driver.o
 .debug_macro   0x000000000000130c       0x52 STM32_F103C6_Drivers/STM32_F103C6_EXTI_driver.o
 .debug_macro   0x000000000000135e       0x1f STM32_F103C6_Drivers/STM32_F103C6_EXTI_driver.o
 .debug_macro   0x000000000000137d       0x43 STM32_F103C6_Drivers/STM32_F103C6_EXTI_driver.o
 .debug_macro   0x00000000000013c0       0x20 STM32_F103C6_Drivers/STM32_F103C6_EXTI_driver.o
 .debug_macro   0x00000000000013e0      0x1a3 STM32_F103C6_Drivers/STM32_F103C6_EXTI_driver.o
 .debug_macro   0x0000000000001583       0x10 STM32_F103C6_Drivers/STM32_F103C6_EXTI_driver.o
 .debug_macro   0x0000000000001593       0x6a STM32_F103C6_Drivers/STM32_F103C6_EXTI_driver.o
 .debug_macro   0x00000000000015fd       0x1c STM32_F103C6_Drivers/STM32_F103C6_EXTI_driver.o
 .debug_macro   0x0000000000001619       0x52 STM32_F103C6_Drivers/STM32_F103C6_EXTI_driver.o
 .debug_macro   0x000000000000166b       0x40 STM32_F103C6_Drivers/STM32_F103C6_EXTI_driver.o
 .debug_macro   0x00000000000016ab       0x10 STM32_F103C6_Drivers/STM32_F103C6_EXTI_driver.o
 .debug_macro   0x00000000000016bb       0x40 STM32_F103C6_Drivers/STM32_F103C6_EXTI_driver.o
 .debug_macro   0x00000000000016fb       0xd7 STM32_F103C6_Drivers/STM32_F103C6_EXTI_driver.o
 .debug_macro   0x00000000000017d2       0x1c STM32_F103C6_Drivers/STM32_F103C6_EXTI_driver.o
 .debug_macro   0x00000000000017ee       0x3d STM32_F103C6_Drivers/STM32_F103C6_EXTI_driver.o
 .debug_macro   0x000000000000182b       0x16 STM32_F103C6_Drivers/STM32_F103C6_EXTI_driver.o
 .debug_macro   0x0000000000001841      0x145 STM32_F103C6_Drivers/STM32_F103C6_EXTI_driver.o
 .debug_macro   0x0000000000001986       0xef STM32_F103C6_Drivers/STM32_F103C6_EXTI_driver.o
 .debug_macro   0x0000000000001a75      0x1df STM32_F103C6_Drivers/STM32_F103C6_EXTI_driver.o
 .debug_macro   0x0000000000001c54      0x2b9 STM32_F103C6_Drivers/STM32_F103C6_EXTI_driver.o
 .debug_macro   0x0000000000001f0d       0xd0 STM32_F103C6_Drivers/STM32_F103C6_EXTI_driver.o
 .debug_macro   0x0000000000001fdd      0x21f STM32_F103C6_Drivers/STM32_F103C6_EXTI_driver.o
 .debug_macro   0x00000000000021fc      0x200 STM32_F103C6_Drivers/STM32_F103C6_SPI_driver.o
 .debug_macro   0x00000000000023fc       0x16 STM32_F103C6_Drivers/STM32_F103C6_SPI_driver.o
 .debug_macro   0x0000000000002412       0xc1 STM32_F103C6_Drivers/STM32_F103C6_SPI_driver.o
 .debug_macro   0x00000000000024d3      0x1e8 STM32_F103C6_Drivers/STM32_F103C6_USART_driver.o
 .debug_macro   0x00000000000026bb       0xe2 STM32_F103C6_Drivers/STM32_F103C6_USART_driver.o
 .debug_macro   0x000000000000279d      0x287 Src/main.o
 .debug_macro   0x0000000000002a24      0x2b9 Src/main.o
 .debug_macro   0x0000000000002cdd       0xc7 Src/main.o
 .debug_macro   0x0000000000002da4       0x28 Src/main.o
 .debug_macro   0x0000000000002dcc       0x1c Src/main.o
 .debug_macro   0x0000000000002de8       0x22 Src/main.o
 .debug_macro   0x0000000000002e0a       0xdf Src/main.o
 .debug_macro   0x0000000000002ee9      0xe3b Src/main.o

.debug_line     0x0000000000000000     0x1ecb
 .debug_line    0x0000000000000000      0x7d7 STM32_F103C6_Drivers/STM32_F103C6_EXTI_driver.o
 .debug_line    0x00000000000007d7      0x766 STM32_F103C6_Drivers/STM32_F103C6_SPI_driver.o
 .debug_line    0x0000000000000f3d      0x748 STM32_F103C6_Drivers/STM32_F103C6_USART_driver.o
 .debug_line    0x0000000000001685      0x7c2 Src/main.o
 .debug_line    0x0000000000001e47       0x84 Startup/startup_stm32f103c6tx.o

.debug_str      0x0000000000000000    0x10f7e
 .debug_str     0x0000000000000000     0xa442 STM32_F103C6_Drivers/STM32_F103C6_EXTI_driver.o
                                       0xa6a5 (size before relaxing)
 .debug_str     0x000000000000a442      0x800 STM32_F103C6_Drivers/STM32_F103C6_SPI_driver.o
                                       0x9afc (size before relaxing)
 .debug_str     0x000000000000ac42      0x7b8 STM32_F103C6_Drivers/STM32_F103C6_USART_driver.o
                                       0x9b83 (size before relaxing)
 .debug_str     0x000000000000b3fa     0x5b53 Src/main.o
                                      0x10aca (size before relaxing)
 .debug_str     0x0000000000010f4d       0x31 Startup/startup_stm32f103c6tx.o
                                         0x71 (size before relaxing)

.comment        0x0000000000000000       0x7b
 .comment       0x0000000000000000       0x7b STM32_F103C6_Drivers/STM32_F103C6_EXTI_driver.o
                                         0x7c (size before relaxing)
 .comment       0x000000000000007b       0x7c STM32_F103C6_Drivers/STM32_F103C6_SPI_driver.o
 .comment       0x000000000000007b       0x7c STM32_F103C6_Drivers/STM32_F103C6_USART_driver.o
 .comment       0x000000000000007b       0x7c Src/main.o

.debug_frame    0x0000000000000000      0x588
 .debug_frame   0x0000000000000000      0x1b0 STM32_F103C6_Drivers/STM32_F103C6_EXTI_driver.o
 .debug_frame   0x00000000000001b0      0x148 STM32_F103C6_Drivers/STM32_F103C6_SPI_driver.o
 .debug_frame   0x00000000000002f8      0x14c STM32_F103C6_Drivers/STM32_F103C6_USART_driver.o
 .debug_frame   0x0000000000000444      0x118 Src/main.o
 .debug_frame   0x000000000000055c       0x2c c:/st/stm32cubeide_1.4.0/stm32cubeide/plugins/com.st.stm32cube.ide.mcu.externaltools.gnu-tools-for-stm32.7-2018-q2-update.win32_1.4.0.202007081208/tools/bin/../lib/gcc/arm-none-eabi/7.3.1/../../../../arm-none-eabi/lib/thumb/v7-m\libc_nano.a(lib_a-init.o)
