
Allocating common symbols
Common symbol       size              file

const_variable      0x1               main.o
bss_var             0xc               main.o

Memory Configuration

Name             Origin             Length             Attributes
flash            0x08000000         0x00020000         xr
sram             0x20000000         0x00005000         xrw
*default*        0x00000000         0xffffffff

Linker script and memory map


.text           0x08000000      0x120
 *(.vectors*)
 .vectors       0x08000000       0x1c startup.o
                0x08000000                vectors
 *(.text*)
 .text          0x0800001c       0x74 main.o
                0x0800001c                main
 .text          0x08000090       0x90 startup.o
                0x08000090                H_Fault_Handler
                0x08000090                MM_Fault_Handler
                0x08000090                Usage_Fault_Handler
                0x08000090                Bus_Fault
                0x08000090                Default_Handler
                0x08000090                NMI_Handler
                0x0800009c                Reset_Handler
 *(.rodata)
                0x08000120                . = ALIGN (0x4)
                0x08000120                _E_text = .

.glue_7         0x08000120        0x0
 .glue_7        0x08000120        0x0 linker stubs

.glue_7t        0x08000120        0x0
 .glue_7t       0x08000120        0x0 linker stubs

.vfp11_veneer   0x08000120        0x0
 .vfp11_veneer  0x08000120        0x0 linker stubs

.v4_bx          0x08000120        0x0
 .v4_bx         0x08000120        0x0 linker stubs

.iplt           0x08000120        0x0
 .iplt          0x08000120        0x0 main.o

.rel.dyn        0x08000120        0x0
 .rel.iplt      0x08000120        0x0 main.o

.data           0x20000000        0x8 load address 0x08000120
                0x20000000                _S_data = .
 *(.data)
 .data          0x20000000        0x7 main.o
                0x20000000                GPIOA_ODR
                0x20000004                g_variables
 .data          0x20000007        0x0 startup.o
                0x20000008                . = ALIGN (0x4)
 *fill*         0x20000007        0x1 
                0x20000008                _E_data = .

.igot.plt       0x20000008        0x0 load address 0x08000128
 .igot.plt      0x20000008        0x0 main.o

.bss            0x20000008     0x1010 load address 0x08000128
                0x20000008                _S_bss = .
 *(.bss*)
 .bss           0x20000008        0x0 main.o
 .bss           0x20000008        0x0 startup.o
                0x20000008                . = ALIGN (0x4)
                0x20000008                _E_bss = .
                0x20001008                . = (. + 0x1000)
 *fill*         0x20000008     0x1000 
                0x20001008                _stack_top = .
 COMMON         0x20001008       0x10 main.o
                0x20001008                const_variable
                0x2000100c                bss_var
LOAD main.o
LOAD startup.o
OUTPUT(lab2.elf elf32-littlearm)

.debug_info     0x00000000      0x327
 .debug_info    0x00000000      0x18a main.o
 .debug_info    0x0000018a      0x19d startup.o

.debug_abbrev   0x00000000      0x1a8
 .debug_abbrev  0x00000000       0xd4 main.o
 .debug_abbrev  0x000000d4       0xd4 startup.o

.debug_loc      0x00000000       0xb4
 .debug_loc     0x00000000       0x38 main.o
 .debug_loc     0x00000038       0x7c startup.o

.debug_aranges  0x00000000       0x40
 .debug_aranges
                0x00000000       0x20 main.o
 .debug_aranges
                0x00000020       0x20 startup.o

.debug_line     0x00000000       0xe6
 .debug_line    0x00000000       0x69 main.o
 .debug_line    0x00000069       0x7d startup.o

.debug_str      0x00000000      0x209
 .debug_str     0x00000000      0x189 main.o
                                0x1a7 (size before relaxing)
 .debug_str     0x00000189       0x80 startup.o
                                0x1c2 (size before relaxing)

.comment        0x00000000       0x7e
 .comment       0x00000000       0x7e main.o
                                 0x7f (size before relaxing)
 .comment       0x0000007e       0x7f startup.o

.ARM.attributes
                0x00000000       0x33
 .ARM.attributes
                0x00000000       0x33 main.o
 .ARM.attributes
                0x00000033       0x33 startup.o

.debug_frame    0x00000000       0x7c
 .debug_frame   0x00000000       0x2c main.o
 .debug_frame   0x0000002c       0x50 startup.o
